<html>
<body>
<pre>
<h1>µVision Build Log</h1>
<h2>Tool Versions:</h2>
IDE-Version: ¦ÌVision V5.37.0.0
Copyright (C) 2022 ARM Ltd and ARM Germany GmbH. All rights reserved.
License Information: zhigao du, HP Inc., LIC=----
 
Tool Versions:
Toolchain:       MDK-Lite  Version: 5.36.0.0
Toolchain Path:  D:\keil\ARM\ARMCC\Bin
C Compiler:      Armcc.exe V5.06 update 7 (build 960)
Assembler:       Armasm.exe V5.06 update 7 (build 960)
Linker/Locator:  ArmLink.exe V5.06 update 7 (build 960)
Library Manager: ArmAr.exe V5.06 update 7 (build 960)
Hex Converter:   FromElf.exe V5.06 update 7 (build 960)
CPU DLL:         SARMCM3.DLL V5.36.0.0
Dialog DLL:      DCM.DLL V1.17.3.0
Target DLL:      STLink\ST-LINKIII-KEIL_SWO.dll V3.0.9.0
Dialog DLL:      TCM.DLL V1.53.0.0
 
<h2>Project:</h2>
C:\Users\dzg\Desktop\project\3_uart\MDK-ARM\F103_Moduel.uvprojx
Project File Date:  10/04/2022

<h2>Output:</h2>
*** Using Compiler 'V5.06 update 7 (build 960)', folder: 'D:\keil\ARM\ARMCC\Bin'
Rebuild target 'uart'
assembling startup_stm32f103xe.s...
compiling gpio.c...
compiling stm32f1xx_it.c...
compiling stm32f1xx_hal_msp.c...
compiling main.c...
..\ModuleDrivers\driver_led.h(11): warning:  #1295-D: Deprecated declaration Blue_On - give arg types
  extern void Blue_On();
..\ModuleDrivers\driver_led.h(12): warning:  #1295-D: Deprecated declaration Blue_Off - give arg types
  extern void Blue_Off();
..\ModuleDrivers\driver_led.h(13): warning:  #1295-D: Deprecated declaration Blue_Shine - give arg types
  extern void Blue_Shine();
..\ModuleDrivers\driver_led.h(14): warning:  #1295-D: Deprecated declaration Blue_Shine2 - give arg types
  extern void Blue_Shine2();
..\ModuleDrivers\driver_led.h(15): warning:  #1295-D: Deprecated declaration Walter_Fall_Light - give arg types
  extern void Walter_Fall_Light();
..\ModuleDrivers\driver_led.h(16): warning:  #1295-D: Deprecated declaration Marquee - give arg types
  extern void Marquee();
..\ModuleDrivers\driver_led.h(17): warning:  #1295-D: Deprecated declaration Blue_Shine3 - give arg types
  extern void Blue_Shine3();
../Core/Src/main.c: 7 warnings, 0 errors
compiling usart.c...
compiling stm32f1xx_hal_tim.c...
compiling stm32f1xx_hal_gpio_ex.c...
compiling stm32f1xx_hal_rcc_ex.c...
compiling stm32f1xx_hal.c...
compiling stm32f1xx_hal_tim_ex.c...
compiling stm32f1xx_hal_rcc.c...
compiling stm32f1xx_hal_gpio.c...
compiling stm32f1xx_hal_dma.c...
compiling stm32f1xx_hal_uart.c...
compiling stm32f1xx_hal_cortex.c...
compiling driver_led.c...
..\ModuleDrivers\driver_led.h(11): warning:  #1295-D: Deprecated declaration Blue_On - give arg types
  extern void Blue_On();
..\ModuleDrivers\driver_led.h(12): warning:  #1295-D: Deprecated declaration Blue_Off - give arg types
  extern void Blue_Off();
..\ModuleDrivers\driver_led.h(13): warning:  #1295-D: Deprecated declaration Blue_Shine - give arg types
  extern void Blue_Shine();
..\ModuleDrivers\driver_led.h(14): warning:  #1295-D: Deprecated declaration Blue_Shine2 - give arg types
  extern void Blue_Shine2();
..\ModuleDrivers\driver_led.h(15): warning:  #1295-D: Deprecated declaration Walter_Fall_Light - give arg types
  extern void Walter_Fall_Light();
..\ModuleDrivers\driver_led.h(16): warning:  #1295-D: Deprecated declaration Marquee - give arg types
  extern void Marquee();
..\ModuleDrivers\driver_led.h(17): warning:  #1295-D: Deprecated declaration Blue_Shine3 - give arg types
  extern void Blue_Shine3();
..\ModuleDrivers\driver_led.c(4): warning:  #188-D: enumerated type mixed with another type
  	HAL_GPIO_WritePin(GPIOF,BLUE_Pin,0);
..\ModuleDrivers\driver_led.c(8): warning:  #188-D: enumerated type mixed with another type
  	HAL_GPIO_WritePin(GPIOF,BLUE_Pin,1);
..\ModuleDrivers\driver_led.c(28): warning:  #188-D: enumerated type mixed with another type
  	WHITE_ON();
..\ModuleDrivers\driver_led.c(30): warning:  #188-D: enumerated type mixed with another type
  	BLUE_ON();
..\ModuleDrivers\driver_led.c(32): warning:  #188-D: enumerated type mixed with another type
  	GREEN_ON();
..\ModuleDrivers\driver_led.c(34): warning:  #188-D: enumerated type mixed with another type
  	WHITE_OFF();
..\ModuleDrivers\driver_led.c(36): warning:  #188-D: enumerated type mixed with another type
  	BLUE_OFF();
..\ModuleDrivers\driver_led.c(38): warning:  #188-D: enumerated type mixed with another type
  	GREEN_OFF();
..\ModuleDrivers\driver_led.c(43): warning:  #188-D: enumerated type mixed with another type
  	WHITE_ON();
..\ModuleDrivers\driver_led.c(45): warning:  #188-D: enumerated type mixed with another type
  	WHITE_OFF();
..\ModuleDrivers\driver_led.c(46): warning:  #188-D: enumerated type mixed with another type
  	BLUE_ON();
..\ModuleDrivers\driver_led.c(48): warning:  #188-D: enumerated type mixed with another type
  	BLUE_OFF();
..\ModuleDrivers\driver_led.c(49): warning:  #188-D: enumerated type mixed with another type
  	GREEN_ON();
..\ModuleDrivers\driver_led.c(51): warning:  #188-D: enumerated type mixed with another type
  	GREEN_OFF();
..\ModuleDrivers\driver_led.c(52): warning:  #1-D: last line of file ends without a newline
  }
..\ModuleDrivers\driver_led.c: 22 warnings, 0 errors
compiling stm32f1xx_hal_exti.c...
compiling system_stm32f1xx.c...
compiling stm32f1xx_hal_pwr.c...
compiling stm32f1xx_hal_flash_ex.c...
compiling driver_uart.c...
..\ModuleDrivers\driver_uart.c(16): warning:  #940-D: missing return statement at end of non-void function "fputc" 
  }
..\ModuleDrivers\driver_uart.c(22): warning:  #1-D: last line of file ends without a newline
  }
..\ModuleDrivers\driver_uart.c: 2 warnings, 0 errors
compiling stm32f1xx_hal_flash.c...
linking...
Program Size: Code=8236 RO-data=424 RW-data=28 ZI-data=1164  
FromELF: creating hex file...
"F103_Moduel\F103_Moduel.axf" - 0 Error(s), 31 Warning(s).

<h2>Software Packages used:</h2>

Package Vendor: ARM
                http://www.keil.com/pack/ARM.CMSIS.5.8.0.pack
                ARM.CMSIS.5.8.0
                CMSIS (Common Microcontroller Software Interface Standard)
   * Component: CORE Version: 5.5.0

Package Vendor: Keil
                http://www.keil.com/pack/Keil.STM32F1xx_DFP.2.4.0.pack
                Keil.STM32F1xx_DFP.2.4.0
                STMicroelectronics STM32F1 Series Device Support, Drivers and Examples

<h2>Collection of Component include folders:</h2>
  ./RTE/_uart
  D:/keil/ARM/CMSIS/5.8.0/CMSIS/Core/Include
  D:/keil/Keil/STM32F1xx_DFP/2.4.0/Device/Include

<h2>Collection of Component Files used:</h2>

   * Component: ARM::CMSIS:CORE:5.5.0
      Include file:  CMSIS/Core/Include/tz_context.h
Build Time Elapsed:  00:00:11
</pre>
</body>
</html>
