Component: ARM Compiler 5.06 update 7 (build 960) Tool: armlink [4d3601]

==============================================================================

Section Cross References

    main.o(i.my_putchar) refers to putc.o(.text) for putc
    main.o(i.my_putchar) refers to stdio_streams.o(.bss) for __stdout
    main.o(i.mymain) refers to sys.o(i.System_Clock_Init) for System_Clock_Init
    main.o(i.mymain) refers to uart.o(i.Inital_Uart1) for Inital_Uart1
    main.o(i.mymain) refers to putc.o(.text) for putc
    main.o(i.mymain) refers to getc.o(.text) for getc
    main.o(i.mymain) refers to main.o(i.my_putchar) for my_putchar
    main.o(i.mymain) refers to stdio_streams.o(.bss) for __stdout
    main.o(i.mymain) refers to main.o(.bss) for g_A
    main.o(i.mymain) refers to stdio_streams.o(.bss) for __stdin
    start.o(.text) refers to mystring.o(i.my_memcpy) for my_memcpy
    start.o(.text) refers to mystring.o(i.my_memset) for my_memset
    start.o(.text) refers to main.o(i.mymain) for mymain
    sys.o(i.System_Clock_Init) refers to sys.o(i.System_Clock_Set) for System_Clock_Set
    uart.o(i.Inital_Uart1) refers to sys.o(i.GPIO_SET) for GPIO_SET
    uart.o(i.Receive_Data) refers to uart.o(i.Receive_Byte) for Receive_Byte
    uart.o(i.Send_Data) refers to uart.o(i.Send_Byte) for Send_Byte
    uart.o(i.fgetc) refers to uart.o(i.Receive_Data) for Receive_Data
    uart.o(i.fputc) refers to uart.o(i.Send_Data) for Send_Data
    getc.o(.text) refers to uart.o(i.fgetc) for fgetc
    putc.o(.text) refers to uart.o(i.fputc) for fputc
    stdio_streams.o(.bss) refers (Special) to initio.o(.text) for _initio
    stdio_streams.o(.bss) refers (Special) to initio.o(.text) for _initio
    stdio_streams.o(.bss) refers (Special) to initio.o(.text) for _initio
    stdio_streams.o(.data) refers (Special) to initio.o(.text) for _initio
    stdio_streams.o(.data) refers (Special) to initio.o(.text) for _initio
    stdio_streams.o(.data) refers (Special) to initio.o(.text) for _initio
    initio.o(.text) refers (Special) to libinit2.o(.ARM.Collect$$libinit$$00000025) for __rt_lib_init_stdio_2
    initio.o(.text) refers (Special) to libshutdown2.o(.ARM.Collect$$libshutdown$$00000006) for __rt_lib_shutdown_stdio_2
    initio.o(.text) refers to rt_memclr_w.o(.text) for __aeabi_memclr4
    initio.o(.text) refers to fopen.o(.text) for freopen
    initio.o(.text) refers to defsig_rtred_outer.o(.text) for __rt_SIGRTRED
    initio.o(.text) refers to setvbuf.o(.text) for setvbuf
    initio.o(.text) refers to fclose.o(.text) for _fclose_internal
    initio.o(.text) refers to h1_free.o(.text) for free
    initio.o(.text) refers to stdio_streams.o(.bss) for __stdin
    initio.o(.text) refers to stdio_streams.o(.bss) for __stdout
    initio.o(.text) refers to stdio_streams.o(.bss) for __stderr
    initio.o(.text) refers to stdio_streams.o(.data) for __aeabi_stdin
    initio.o(.text) refers to stdio_streams.o(.data) for __aeabi_stdout
    initio.o(.text) refers to stdio_streams.o(.data) for __aeabi_stderr
    initio.o(.text) refers to sys_io.o(.constdata) for __stdin_name
    initio.o(.text) refers to sys_io.o(.constdata) for __stdout_name
    initio.o(.text) refers to sys_io.o(.constdata) for __stderr_name
    initio_locked.o(.text) refers (Special) to libinit2.o(.ARM.Collect$$libinit$$00000025) for __rt_lib_init_stdio_2
    initio_locked.o(.text) refers (Special) to libshutdown2.o(.ARM.Collect$$libshutdown$$00000006) for __rt_lib_shutdown_stdio_2
    initio_locked.o(.text) refers to rt_memclr_w.o(.text) for __aeabi_memclr4
    initio_locked.o(.text) refers to fopen.o(.text) for freopen
    initio_locked.o(.text) refers to defsig_rtred_outer.o(.text) for __rt_SIGRTRED
    initio_locked.o(.text) refers to setvbuf.o(.text) for setvbuf
    initio_locked.o(.text) refers to fclose.o(.text) for _fclose_internal
    initio_locked.o(.text) refers to h1_free.o(.text) for free
    initio_locked.o(.text) refers to stdio_streams.o(.bss) for __stdin
    initio_locked.o(.text) refers to stdio_streams.o(.bss) for __stdout
    initio_locked.o(.text) refers to stdio_streams.o(.bss) for __stderr
    initio_locked.o(.text) refers to stdio_streams.o(.data) for __aeabi_stdin
    initio_locked.o(.text) refers to stdio_streams.o(.data) for __aeabi_stdout
    initio_locked.o(.text) refers to stdio_streams.o(.data) for __aeabi_stderr
    initio_locked.o(.text) refers to streamlock.o(.data) for _stream_list_lock
    initio_locked.o(.text) refers to sys_io.o(.constdata) for __stdin_name
    initio_locked.o(.text) refers to sys_io.o(.constdata) for __stdout_name
    initio_locked.o(.text) refers to sys_io.o(.constdata) for __stderr_name
    sys_io.o(.text) refers (Special) to use_no_semi.o(.text) for __I$use$semihosting
    sys_io.o(.text) refers (Special) to indicate_semi.o(.text) for __semihosting_library_function
    sys_io.o(.text) refers to strlen.o(.text) for strlen
    sys_io.o(.constdata) refers (Special) to use_no_semi.o(.text) for __I$use$semihosting
    sys_io.o(.constdata) refers (Special) to indicate_semi.o(.text) for __semihosting_library_function
    sys_io.o(.constdata) refers (Special) to use_no_semi.o(.text) for __I$use$semihosting
    sys_io.o(.constdata) refers (Special) to indicate_semi.o(.text) for __semihosting_library_function
    sys_io.o(.constdata) refers (Special) to use_no_semi.o(.text) for __I$use$semihosting
    sys_io.o(.constdata) refers (Special) to indicate_semi.o(.text) for __semihosting_library_function
    free.o(.text) refers (Special) to hguard.o(.text) for __heap$guard
    free.o(.text) refers to rt_heap_descriptor.o(.text) for __rt_heap_descriptor
    free.o(.text) refers to heapstubs.o(.text) for __Heap_Free
    h1_free.o(.text) refers to rt_heap_descriptor.o(.text) for __rt_heap_descriptor
    h1_free_mt.o(.text) refers to rt_heap_descriptor.o(.text) for __rt_heap_descriptor
    heap2.o(i._FDIterate) refers to heap2.o(.conststring) for .conststring
    heap2.o(i.___Heap_ProvideMemory$realtime) refers to fdtree.o(i._FDTree_Delete) for _FDTree_Delete
    heap2.o(i.___Heap_ProvideMemory$realtime) refers to fdtree.o(i._FDTree_Insert) for _FDTree_Insert
    heap2.o(i.___Heap_Stats$realtime) refers to heap2.o(i._Heap2_StatsIterate) for _Heap2_StatsIterate
    heap2.o(i.___Heap_Valid$realtime) refers to heap2.o(i._FDIterate) for _FDIterate
    heap2.o(i.___Heap_Valid$realtime) refers to heap2.o(.conststring) for .conststring
    heap2.o(i._free$realtime) refers to rt_heap_descriptor.o(.text) for __rt_heap_descriptor
    heap2.o(i._free$realtime) refers to fdtree.o(i._FDTree_Delete) for _FDTree_Delete
    heap2.o(i._free$realtime) refers to fdtree.o(i._FDTree_Insert) for _FDTree_Insert
    heap2.o(i._malloc$realtime) refers to rt_heap_descriptor.o(.text) for __rt_heap_descriptor
    heap2.o(i._malloc$realtime) refers to fdtree.o(i._FDTree_FindFirst) for _FDTree_FindFirst
    heap2.o(i._malloc$realtime) refers to init_alloc.o(.text) for __Heap_Full
    heap2.o(i._malloc$realtime) refers to fdtree.o(i._FDTree_RemoveNode) for _FDTree_RemoveNode
    heap2.o(i._malloc$realtime) refers to fdtree.o(i._FDTree_Insert) for _FDTree_Insert
    heap2.o(i._posix_memalign$realtime) refers to rt_heap_descriptor.o(.text) for __rt_heap_descriptor
    heap2.o(i._posix_memalign$realtime) refers to fdtree.o(i._FDTree_FindFirst) for _FDTree_FindFirst
    heap2.o(i._posix_memalign$realtime) refers to init_alloc.o(.text) for __Heap_Full
    heap2.o(i._posix_memalign$realtime) refers to fdtree.o(i._FDTree_RemoveNode) for _FDTree_RemoveNode
    heap2.o(i._posix_memalign$realtime) refers to fdtree.o(i._FDTree_Insert) for _FDTree_Insert
    heap2.o(i._realloc$realtime) refers to rt_heap_descriptor.o(.text) for __rt_heap_descriptor
    heap2.o(i._realloc$realtime) refers to fdtree.o(i._FDTree_Insert) for _FDTree_Insert
    heap2.o(i._realloc$realtime) refers to h1_free.o(.text) for free
    heap2.o(i._realloc$realtime) refers to h1_alloc.o(.text) for malloc
    heap2.o(i._realloc$realtime) refers to fdtree.o(i._FDTree_Delete) for _FDTree_Delete
    heap2.o(i._realloc$realtime) refers to rt_memcpy_w.o(.text) for __aeabi_memcpy4
    heap2mt.o(i._FDIterate) refers to heap2mt.o(.conststring) for .conststring
    heap2mt.o(i.___Heap_Initialize$realtime$concurrent) refers to mutex_dummy.o(.text) for _mutex_initialize
    heap2mt.o(i.___Heap_ProvideMemory$realtime$concurrent) refers to fdtree.o(i._FDTree_Delete) for _FDTree_Delete
    heap2mt.o(i.___Heap_ProvideMemory$realtime$concurrent) refers to fdtree.o(i._FDTree_Insert) for _FDTree_Insert
    heap2mt.o(i.___Heap_Stats$realtime$concurrent) refers to heap2mt.o(i._Heap2_StatsIterate) for _Heap2_StatsIterate
    heap2mt.o(i.___Heap_Valid$realtime$concurrent) refers to heap2mt.o(i._FDIterate) for _FDIterate
    heap2mt.o(i.___Heap_Valid$realtime$concurrent) refers to heap2mt.o(.conststring) for .conststring
    heap2mt.o(i._free$realtime$concurrent) refers to rt_heap_descriptor.o(.text) for __rt_heap_descriptor
    heap2mt.o(i._free$realtime$concurrent) refers to fdtree.o(i._FDTree_Delete) for _FDTree_Delete
    heap2mt.o(i._free$realtime$concurrent) refers to fdtree.o(i._FDTree_Insert) for _FDTree_Insert
    heap2mt.o(i._malloc$realtime$concurrent) refers to rt_heap_descriptor.o(.text) for __rt_heap_descriptor
    heap2mt.o(i._malloc$realtime$concurrent) refers to fdtree.o(i._FDTree_FindFirst) for _FDTree_FindFirst
    heap2mt.o(i._malloc$realtime$concurrent) refers to init_alloc.o(.text) for __Heap_Full
    heap2mt.o(i._malloc$realtime$concurrent) refers to fdtree.o(i._FDTree_RemoveNode) for _FDTree_RemoveNode
    heap2mt.o(i._malloc$realtime$concurrent) refers to fdtree.o(i._FDTree_Insert) for _FDTree_Insert
    heap2mt.o(i._posix_memalign$realtime$concurrent) refers to rt_heap_descriptor.o(.text) for __rt_heap_descriptor
    heap2mt.o(i._posix_memalign$realtime$concurrent) refers to fdtree.o(i._FDTree_FindFirst) for _FDTree_FindFirst
    heap2mt.o(i._posix_memalign$realtime$concurrent) refers to init_alloc.o(.text) for __Heap_Full
    heap2mt.o(i._posix_memalign$realtime$concurrent) refers to fdtree.o(i._FDTree_RemoveNode) for _FDTree_RemoveNode
    heap2mt.o(i._posix_memalign$realtime$concurrent) refers to fdtree.o(i._FDTree_Insert) for _FDTree_Insert
    heap2mt.o(i._realloc$realtime$concurrent) refers to rt_heap_descriptor.o(.text) for __rt_heap_descriptor
    heap2mt.o(i._realloc$realtime$concurrent) refers to fdtree.o(i._FDTree_Insert) for _FDTree_Insert
    heap2mt.o(i._realloc$realtime$concurrent) refers to h1_free.o(.text) for free
    heap2mt.o(i._realloc$realtime$concurrent) refers to h1_alloc.o(.text) for malloc
    heap2mt.o(i._realloc$realtime$concurrent) refers to fdtree.o(i._FDTree_Delete) for _FDTree_Delete
    heap2mt.o(i._realloc$realtime$concurrent) refers to rt_memcpy_w.o(.text) for __aeabi_memcpy4
    streamlock.o(.data) refers (Special) to initio.o(.text) for _initio
    fopen.o(.text) refers to fclose.o(.text) for _fclose_internal
    fopen.o(.text) refers to sys_io.o(.text) for _sys_open
    fopen.o(.text) refers to fseek.o(.text) for _fseek
    fopen.o(.text) refers to h1_alloc.o(.text) for malloc
    fopen.o(.text) refers to rt_memclr_w.o(.text) for __aeabi_memclr4
    fopen.o(.text) refers to stdio_streams.o(.bss) for __stdin
    fclose.o(.text) refers to stdio.o(.text) for _fflush
    fclose.o(.text) refers to sys_io.o(.text) for _sys_close
    fclose.o(.text) refers to h1_free.o(.text) for free
    fclose.o(.text) refers to rt_memclr_w.o(.text) for __aeabi_memclr4
    fopen_locked.o(.text) refers to fclose.o(.text) for _fclose_internal
    fopen_locked.o(.text) refers to sys_io.o(.text) for _sys_open
    fopen_locked.o(.text) refers to fseek.o(.text) for _fseek
    fopen_locked.o(.text) refers to h1_alloc.o(.text) for malloc
    fopen_locked.o(.text) refers to rt_memclr_w.o(.text) for __aeabi_memclr4
    fopen_locked.o(.text) refers to streamlock.o(.data) for _stream_list_lock
    fopen_locked.o(.text) refers to stdio_streams.o(.bss) for __stdin
    defsig_rtred_outer.o(.text) refers to defsig_rtred_inner.o(.text) for __rt_SIGRTRED_inner
    defsig_rtred_outer.o(.text) refers to defsig_exit.o(.text) for __sig_exit
    defsig_rtred_formal.o(.text) refers to rt_raise.o(.text) for __rt_raise
    libinit2.o(.ARM.Collect$$libinit$$00000005) refers (Weak) to init_alloc.o(.text) for _init_alloc
    libinit2.o(.ARM.Collect$$libinit$$00000010) refers to libinit2.o(.ARM.Collect$$libinit$$0000000F) for .ARM.Collect$$libinit$$0000000F
    libinit2.o(.ARM.Collect$$libinit$$00000012) refers to libinit2.o(.ARM.Collect$$libinit$$0000000F) for .ARM.Collect$$libinit$$0000000F
    libinit2.o(.ARM.Collect$$libinit$$00000014) refers to libinit2.o(.ARM.Collect$$libinit$$0000000F) for .ARM.Collect$$libinit$$0000000F
    libinit2.o(.ARM.Collect$$libinit$$00000016) refers to libinit2.o(.ARM.Collect$$libinit$$0000000F) for .ARM.Collect$$libinit$$0000000F
    libinit2.o(.ARM.Collect$$libinit$$00000018) refers to libinit2.o(.ARM.Collect$$libinit$$0000000F) for .ARM.Collect$$libinit$$0000000F
    libinit2.o(.ARM.Collect$$libinit$$00000024) refers (Weak) to initio.o(.text) for _initio
    libinit2.o(.ARM.Collect$$libinit$$00000026) refers to argv_veneer.o(.emb_text) for __ARM_argv_veneer
    libinit2.o(.ARM.Collect$$libinit$$00000027) refers to argv_veneer.o(.emb_text) for __ARM_argv_veneer
    libshutdown2.o(.ARM.Collect$$libshutdown$$00000005) refers (Weak) to initio.o(.text) for _terminateio
    libshutdown2.o(.ARM.Collect$$libshutdown$$0000000F) refers (Weak) to term_alloc.o(.text) for _terminate_alloc
    rt_raise.o(.text) refers to __raise.o(.text) for __raise
    rt_raise.o(.text) refers to sys_exit.o(.text) for _sys_exit
    rt_heap_descriptor.o(.text) refers to rt_heap_descriptor.o(.bss) for __rt_heap_descriptor_data
    rt_heap_descriptor_intlibspace.o(.text) refers to libspace.o(.bss) for __libspace_start
    init_alloc.o(.text) refers (Special) to hguard.o(.text) for __heap$guard
    init_alloc.o(.text) refers (Special) to libinit2.o(.ARM.Collect$$libinit$$0000000A) for __rt_lib_init_heap_2
    init_alloc.o(.text) refers (Special) to maybetermalloc1.o(.emb_text) for _maybe_terminate_alloc
    init_alloc.o(.text) refers to heapauxa.o(.text) for __rt_heap_expand
    init_alloc.o(.text) refers to h1_extend.o(.text) for __Heap_ProvideMemory
    init_alloc.o(.text) refers to defsig_rtmem_outer.o(.text) for __rt_SIGRTMEM
    init_alloc.o(.text) refers to rt_heap_descriptor.o(.text) for __rt_heap_descriptor
    init_alloc.o(.text) refers to h1_init.o(.text) for __Heap_Initialize
    malloc.o(.text) refers (Special) to hguard.o(.text) for __heap$guard
    malloc.o(.text) refers (Special) to init_alloc.o(.text) for _init_alloc
    malloc.o(.text) refers to rt_heap_descriptor.o(.text) for __rt_heap_descriptor
    malloc.o(.text) refers to heapstubs.o(.text) for __Heap_Alloc
    h1_alloc.o(.text) refers (Special) to h1_init.o(.text) for __Heap_Initialize
    h1_alloc.o(.text) refers to rt_heap_descriptor.o(.text) for __rt_heap_descriptor
    h1_alloc.o(.text) refers to init_alloc.o(.text) for __Heap_Full
    h1_alloc_mt.o(.text) refers (Special) to h1_init.o(.text) for __Heap_Initialize
    h1_alloc_mt.o(.text) refers to init_alloc.o(.text) for __Heap_Full
    h1_alloc_mt.o(.text) refers to rt_heap_descriptor.o(.text) for __rt_heap_descriptor
    fseek.o(.text) refers to sys_io.o(.text) for _sys_istty
    fseek.o(.text) refers to ftell.o(.text) for _ftell_internal
    fseek.o(.text) refers to stdio.o(.text) for _seterr
    stdio.o(.text) refers to sys_io.o(.text) for _sys_seek
    defsig_exit.o(.text) refers to sys_exit.o(.text) for _sys_exit
    defsig_rtred_inner.o(.text) refers to defsig_general.o(.text) for __default_signal_display
    argv_veneer.o(.emb_text) refers to _get_argv.o(.text) for __ARM_get_argv
    sys_exit.o(.text) refers (Special) to use_no_semi.o(.text) for __I$use$semihosting
    sys_exit.o(.text) refers (Special) to indicate_semi.o(.text) for __semihosting_library_function
    libspace.o(.text) refers to libspace.o(.bss) for __libspace_start
    maybetermalloc2.o(.emb_text) refers (Special) to term_alloc.o(.text) for _terminate_alloc
    h1_extend.o(.text) refers to h1_free.o(.text) for free
    h1_init_mt.o(.text) refers to mutex_dummy.o(.text) for _mutex_initialize
    h1_extend_mt.o(.text) refers to h1_free_mt.o(.text) for _free_internal
    ftell.o(.text) refers to rt_errno_addr.o(.text) for __aeabi_errno_addr
    __raise.o(.text) refers to defsig.o(CL$$defsig) for __default_signal_handler
    defsig_general.o(.text) refers to sys_wrch.o(.text) for _ttywrch
    defsig_rtmem_outer.o(.text) refers to defsig_rtmem_inner.o(.text) for __rt_SIGRTMEM_inner
    defsig_rtmem_outer.o(.text) refers to defsig_exit.o(.text) for __sig_exit
    defsig_rtmem_formal.o(.text) refers to rt_raise.o(.text) for __rt_raise
    heapauxa.o(.text) refers to heapauxa.o(.data) for .data
    _get_argv.o(.text) refers (Special) to hrguard.o(.text) for __heap_region$guard
    _get_argv.o(.text) refers to h1_alloc.o(.text) for malloc
    _get_argv.o(.text) refers to defsig_rtmem_outer.o(.text) for __rt_SIGRTMEM
    _get_argv.o(.text) refers to sys_command.o(.text) for _sys_command_string
    _get_argv_nomalloc.o(.text) refers (Special) to hrguard.o(.text) for __heap_region$guard
    _get_argv_nomalloc.o(.text) refers to defsig_rtmem_outer.o(.text) for __rt_SIGRTMEM
    _get_argv_nomalloc.o(.text) refers to sys_command.o(.text) for _sys_command_string
    sys_wrch.o(.text) refers (Special) to use_no_semi.o(.text) for __I$use$semihosting
    sys_wrch.o(.text) refers (Special) to indicate_semi.o(.text) for __semihosting_library_function
    sys_command.o(.text) refers (Special) to use_no_semi.o(.text) for __I$use$semihosting
    sys_command.o(.text) refers (Special) to indicate_semi.o(.text) for __semihosting_library_function
    rt_errno_addr.o(.text) refers to rt_errno_addr.o(.bss) for __aeabi_errno_addr_data
    rt_errno_addr_intlibspace.o(.text) refers to libspace.o(.bss) for __libspace_start
    term_alloc.o(.text) refers (Special) to libshutdown2.o(.ARM.Collect$$libshutdown$$00000011) for __rt_lib_shutdown_heap_2
    term_alloc.o(.text) refers to rt_heap_descriptor.o(.text) for __rt_heap_descriptor
    term_alloc.o(.text) refers to h1_final.o(.text) for __Heap_Finalize
    defsig_rtmem_inner.o(.text) refers to defsig_general.o(.text) for __default_signal_display
    defsig.o(CL$$defsig) refers to defsig_rtred_inner.o(.text) for __rt_SIGRTRED_inner
    defsig.o(CL$$defsig) refers to defsig_rtmem_inner.o(.text) for __rt_SIGRTMEM_inner
    defsig_abrt_inner.o(.text) refers to defsig_general.o(.text) for __default_signal_display
    defsig_fpe_inner.o(.text) refers to defsig_general.o(.text) for __default_signal_display
    defsig_stak_inner.o(.text) refers to defsig_general.o(.text) for __default_signal_display
    defsig_pvfn_inner.o(.text) refers to defsig_general.o(.text) for __default_signal_display
    defsig_cppl_inner.o(.text) refers to defsig_general.o(.text) for __default_signal_display
    defsig_segv_inner.o(.text) refers to defsig_general.o(.text) for __default_signal_display
    defsig_other.o(.text) refers to defsig_general.o(.text) for __default_signal_display


==============================================================================

Image Symbol Table

    Local Symbols

    Symbol Name                              Value     Ov Type        Size  Object(Section)

    ../clib/angel/rt.s                       0x00000000   Number         0  rt_errno_addr_intlibspace.o ABSOLUTE
    ../clib/angel/rt.s                       0x00000000   Number         0  rt_errno_addr.o ABSOLUTE
    ../clib/angel/rt.s                       0x00000000   Number         0  rt_heap_descriptor_intlibspace.o ABSOLUTE
    ../clib/angel/rt.s                       0x00000000   Number         0  rt_heap_descriptor.o ABSOLUTE
    ../clib/angel/rt.s                       0x00000000   Number         0  rt_raise.o ABSOLUTE
    ../clib/angel/sys.s                      0x00000000   Number         0  mutex_dummy.o ABSOLUTE
    ../clib/angel/sys.s                      0x00000000   Number         0  indicate_semi.o ABSOLUTE
    ../clib/angel/sys.s                      0x00000000   Number         0  use_no_semi.o ABSOLUTE
    ../clib/angel/sys.s                      0x00000000   Number         0  libspace.o ABSOLUTE
    ../clib/angel/sysapp.c                   0x00000000   Number         0  sys_exit.o ABSOLUTE
    ../clib/angel/sysapp.c                   0x00000000   Number         0  sys_command.o ABSOLUTE
    ../clib/angel/sysapp.c                   0x00000000   Number         0  sys_io.o ABSOLUTE
    ../clib/angel/sysapp.c                   0x00000000   Number         0  sys_wrch.o ABSOLUTE
    ../clib/armsys.c                         0x00000000   Number         0  _get_argv_nomalloc.o ABSOLUTE
    ../clib/armsys.c                         0x00000000   Number         0  argv_veneer.o ABSOLUTE
    ../clib/armsys.c                         0x00000000   Number         0  _get_argv.o ABSOLUTE
    ../clib/armsys.c                         0x00000000   Number         0  argv_veneer.o ABSOLUTE
    ../clib/armsys.c                         0x00000000   Number         0  no_argv.o ABSOLUTE
    ../clib/heap1.c                          0x00000000   Number         0  h1_alloc_mt.o ABSOLUTE
    ../clib/heap1.c                          0x00000000   Number         0  h1_free.o ABSOLUTE
    ../clib/heap1.c                          0x00000000   Number         0  h1_alloc.o ABSOLUTE
    ../clib/heap1.c                          0x00000000   Number         0  h1_extend_mt.o ABSOLUTE
    ../clib/heap1.c                          0x00000000   Number         0  h1_init.o ABSOLUTE
    ../clib/heap1.c                          0x00000000   Number         0  h1_extend.o ABSOLUTE
    ../clib/heap1.c                          0x00000000   Number         0  h1_init_mt.o ABSOLUTE
    ../clib/heap1.c                          0x00000000   Number         0  h1_free_mt.o ABSOLUTE
    ../clib/heap1.c                          0x00000000   Number         0  h1_final.o ABSOLUTE
    ../clib/heap1.c                          0x00000000   Number         0  h1_final_mt.o ABSOLUTE
    ../clib/heap2.c                          0x00000000   Number         0  heap2.o ABSOLUTE
    ../clib/heap2.c                          0x00000000   Number         0  heap2mt.o ABSOLUTE
    ../clib/heap2.c                          0x00000000   Number         0  fdtree.o ABSOLUTE
    ../clib/heapalloc.c                      0x00000000   Number         0  free.o ABSOLUTE
    ../clib/heapalloc.c                      0x00000000   Number         0  maybetermalloc1.o ABSOLUTE
    ../clib/heapalloc.c                      0x00000000   Number         0  maybetermalloc1.o ABSOLUTE
    ../clib/heapalloc.c                      0x00000000   Number         0  term_alloc.o ABSOLUTE
    ../clib/heapalloc.c                      0x00000000   Number         0  heapstubs.o ABSOLUTE
    ../clib/heapalloc.c                      0x00000000   Number         0  malloc.o ABSOLUTE
    ../clib/heapalloc.c                      0x00000000   Number         0  maybetermalloc2.o ABSOLUTE
    ../clib/heapalloc.c                      0x00000000   Number         0  init_alloc.o ABSOLUTE
    ../clib/heapalloc.c                      0x00000000   Number         0  hrguard.o ABSOLUTE
    ../clib/heapalloc.c                      0x00000000   Number         0  hguard.o ABSOLUTE
    ../clib/heapalloc.c                      0x00000000   Number         0  maybetermalloc2.o ABSOLUTE
    ../clib/heapaux.c                        0x00000000   Number         0  heapauxi.o ABSOLUTE
    ../clib/heapaux.c                        0x00000000   Number         0  heapauxa.o ABSOLUTE
    ../clib/libinit.s                        0x00000000   Number         0  libinit2.o ABSOLUTE
    ../clib/libinit.s                        0x00000000   Number         0  libshutdown2.o ABSOLUTE
    ../clib/memcpset.s                       0x00000000   Number         0  rt_memclr_w.o ABSOLUTE
    ../clib/memcpset.s                       0x00000000   Number         0  rt_memcpy_w.o ABSOLUTE
    ../clib/signal.c                         0x00000000   Number         0  defsig_cppl_inner.o ABSOLUTE
    ../clib/signal.c                         0x00000000   Number         0  defsig_segv_inner.o ABSOLUTE
    ../clib/signal.c                         0x00000000   Number         0  defsig_other.o ABSOLUTE
    ../clib/signal.c                         0x00000000   Number         0  defsig_general.o ABSOLUTE
    ../clib/signal.c                         0x00000000   Number         0  defsig_rtmem_outer.o ABSOLUTE
    ../clib/signal.c                         0x00000000   Number         0  defsig_rtmem_formal.o ABSOLUTE
    ../clib/signal.c                         0x00000000   Number         0  defsig_stak_inner.o ABSOLUTE
    ../clib/signal.c                         0x00000000   Number         0  defsig_rtmem_inner.o ABSOLUTE
    ../clib/signal.c                         0x00000000   Number         0  __raise.o ABSOLUTE
    ../clib/signal.c                         0x00000000   Number         0  defsig_abrt_inner.o ABSOLUTE
    ../clib/signal.c                         0x00000000   Number         0  defsig_exit.o ABSOLUTE
    ../clib/signal.c                         0x00000000   Number         0  defsig_rtred_inner.o ABSOLUTE
    ../clib/signal.c                         0x00000000   Number         0  defsig_fpe_inner.o ABSOLUTE
    ../clib/signal.c                         0x00000000   Number         0  defsig_rtred_outer.o ABSOLUTE
    ../clib/signal.c                         0x00000000   Number         0  defsig_pvfn_inner.o ABSOLUTE
    ../clib/signal.c                         0x00000000   Number         0  defsig_rtred_formal.o ABSOLUTE
    ../clib/signal.s                         0x00000000   Number         0  defsig.o ABSOLUTE
    ../clib/stdio.c                          0x00000000   Number         0  setvbuf_locked.o ABSOLUTE
    ../clib/stdio.c                          0x00000000   Number         0  fseek.o ABSOLUTE
    ../clib/stdio.c                          0x00000000   Number         0  stdio.o ABSOLUTE
    ../clib/stdio.c                          0x00000000   Number         0  ftell.o ABSOLUTE
    ../clib/stdio.c                          0x00000000   Number         0  getc.o ABSOLUTE
    ../clib/stdio.c                          0x00000000   Number         0  putc.o ABSOLUTE
    ../clib/stdio.c                          0x00000000   Number         0  stdio_streams.o ABSOLUTE
    ../clib/stdio.c                          0x00000000   Number         0  initio.o ABSOLUTE
    ../clib/stdio.c                          0x00000000   Number         0  initio_locked.o ABSOLUTE
    ../clib/stdio.c                          0x00000000   Number         0  setvbuf.o ABSOLUTE
    ../clib/stdio.c                          0x00000000   Number         0  streamlock.o ABSOLUTE
    ../clib/stdio.c                          0x00000000   Number         0  fopen.o ABSOLUTE
    ../clib/stdio.c                          0x00000000   Number         0  fclose.o ABSOLUTE
    ../clib/stdio.c                          0x00000000   Number         0  fopen_locked.o ABSOLUTE
    ../clib/string.c                         0x00000000   Number         0  strlen.o ABSOLUTE
    ../fplib/fpinit.s                        0x00000000   Number         0  fpinit.o ABSOLUTE
    ..\hardware\uart\uart.c                  0x00000000   Number         0  uart.o ABSOLUTE
    ..\mystring\mystring.c                   0x00000000   Number         0  mystring.o ABSOLUTE
    ..\system\sys\sys.c                      0x00000000   Number         0  sys.o ABSOLUTE
    dc.s                                     0x00000000   Number         0  dc.o ABSOLUTE
    main.c                                   0x00000000   Number         0  main.o ABSOLUTE
    start.s                                  0x00000000   Number         0  start.o ABSOLUTE
    RESET                                    0x20000000   Section        8  start.o(RESET)
    .ARM.Collect$$libinit$$0000000A          0x20000008   Section        0  libinit2.o(.ARM.Collect$$libinit$$0000000A)
    .ARM.Collect$$libinit$$00000025          0x20000008   Section        0  libinit2.o(.ARM.Collect$$libinit$$00000025)
    .ARM.Collect$$libshutdown$$00000006      0x20000008   Section        0  libshutdown2.o(.ARM.Collect$$libshutdown$$00000006)
    .emb_text                                0x20000008   Section        0  maybetermalloc1.o(.emb_text)
    .text                                    0x20000008   Section       76  start.o(.text)
    .text                                    0x20000054   Section        0  getc.o(.text)
    .text                                    0x20000058   Section        0  putc.o(.text)
    .text                                    0x2000005c   Section        0  initio.o(.text)
    .text                                    0x20000194   Section        0  sys_io.o(.text)
    .text                                    0x200001fa   Section        0  h1_free.o(.text)
    .text                                    0x20000248   Section        0  setvbuf.o(.text)
    .text                                    0x20000290   Section        0  fopen.o(.text)
    _freopen_locked                          0x20000291   Thumb Code     0  fopen.o(.text)
    .text                                    0x2000037c   Section        0  fclose.o(.text)
    .text                                    0x200003c8   Section        0  defsig_rtred_outer.o(.text)
    .text                                    0x200003d6   Section       78  rt_memclr_w.o(.text)
    .text                                    0x20000424   Section        2  use_no_semi.o(.text)
    .text                                    0x20000426   Section        0  indicate_semi.o(.text)
    .text                                    0x20000428   Section        8  rt_heap_descriptor.o(.text)
    .text                                    0x20000430   Section        0  hguard.o(.text)
    .text                                    0x20000434   Section        0  init_alloc.o(.text)
    .text                                    0x200004be   Section        0  h1_alloc.o(.text)
    .text                                    0x2000051c   Section        0  fseek.o(.text)
    .text                                    0x20000614   Section        0  stdio.o(.text)
    .text                                    0x20000704   Section        0  defsig_exit.o(.text)
    .text                                    0x20000710   Section        0  defsig_rtred_inner.o(.text)
    .text                                    0x20000744   Section        0  strlen.o(.text)
    .text                                    0x20000784   Section        0  sys_exit.o(.text)
    .text                                    0x20000790   Section        0  h1_init.o(.text)
    .text                                    0x2000079e   Section        0  h1_extend.o(.text)
    .text                                    0x200007d2   Section        0  ftell.o(.text)
    .text                                    0x20000814   Section        0  defsig_general.o(.text)
    .text                                    0x20000846   Section        0  defsig_rtmem_outer.o(.text)
    .text                                    0x20000854   Section        0  heapauxa.o(.text)
    .text                                    0x200008a4   Section        0  sys_wrch.o(.text)
    .text                                    0x200008b4   Section        8  rt_errno_addr.o(.text)
    .text                                    0x200008bc   Section        0  defsig_rtmem_inner.o(.text)
    i.Delay_Tick                             0x2000090c   Section        0  sys.o(i.Delay_Tick)
    i.GPIO_SET                               0x2000095e   Section        0  sys.o(i.GPIO_SET)
    i.Inital_Uart1                           0x200009e8   Section        0  uart.o(i.Inital_Uart1)
    i.Receive_Byte                           0x20000a4c   Section        0  uart.o(i.Receive_Byte)
    i.Receive_Data                           0x20000a84   Section        0  uart.o(i.Receive_Data)
    i.Send_Byte                              0x20000ab4   Section        0  uart.o(i.Send_Byte)
    i.Send_Data                              0x20000ad0   Section        0  uart.o(i.Send_Data)
    i.System_Clock_Init                      0x20000b1c   Section        0  sys.o(i.System_Clock_Init)
    i.System_Clock_Set                       0x20000b64   Section        0  sys.o(i.System_Clock_Set)
    i.fgetc                                  0x20000c10   Section        0  uart.o(i.fgetc)
    i.fputc                                  0x20000c2a   Section        0  uart.o(i.fputc)
    i.my_memcpy                              0x20000c3a   Section        0  mystring.o(i.my_memcpy)
    i.my_memset                              0x20000c54   Section        0  mystring.o(i.my_memset)
    i.my_putchar                             0x20000c68   Section        0  main.o(i.my_putchar)
    i.mymain                                 0x20000c7c   Section        0  main.o(i.mymain)
    .constdata                               0x20000ce4   Section        1  main.o(.constdata)
    .constdata                               0x20000ce5   Section        4  sys_io.o(.constdata)
    .constdata                               0x20000ce9   Section        4  sys_io.o(.constdata)
    .constdata                               0x20000ced   Section        4  sys_io.o(.constdata)
    .data                                    0x20000cf4   Section        1  main.o(.data)
    .data                                    0x20000cf8   Section        4  stdio_streams.o(.data)
    .data                                    0x20000cfc   Section        4  stdio_streams.o(.data)
    .data                                    0x20000d00   Section        4  stdio_streams.o(.data)
    .data                                    0x20000d04   Section        4  heapauxa.o(.data)
    __rt_heap_escrow_base                    0x20000d04   Data           4  heapauxa.o(.data)
    .bss                                     0x20000d08   Section       21  main.o(.bss)
    .bss                                     0x20000d20   Section       84  stdio_streams.o(.bss)
    .bss                                     0x20000d74   Section       84  stdio_streams.o(.bss)
    .bss                                     0x20000dc8   Section       84  stdio_streams.o(.bss)
    .bss                                     0x20000e1c   Section        4  rt_heap_descriptor.o(.bss)
    __rt_heap_descriptor_data                0x20000e1c   Data           4  rt_heap_descriptor.o(.bss)
    .bss                                     0x20000e20   Section        4  rt_errno_addr.o(.bss)
    __aeabi_errno_addr_data                  0x20000e20   Data           4  rt_errno_addr.o(.bss)

    Global Symbols

    Symbol Name                              Value     Ov Type        Size  Object(Section)

    BuildAttributes$$THM_ISAv4$P$D$K$B$S$PE$A:L22UL41UL21$X:L11$S22US41US21$IEEE1$IW$USESV6$~STKCKD$USESV7$~SHL$OTIME$ROPI$EBA8$STANDARDLIB$REQ8$PRES8$EABIv2 0x00000000   Number         0  anon$$obj.o ABSOLUTE
    __ARM_exceptions_init                     - Undefined Weak Reference
    __alloca_initialize                       - Undefined Weak Reference
    __arm_fini_                               - Undefined Weak Reference
    __arm_preinit_                            - Undefined Weak Reference
    __cpp_initialize__aeabi_                  - Undefined Weak Reference
    __cxa_finalize                            - Undefined Weak Reference
    __rt_locale                               - Undefined Weak Reference
    __sigvec_lookup                           - Undefined Weak Reference
    __user_heap_extent                        - Undefined Weak Reference
    _atexit_init                              - Undefined Weak Reference
    _clock_init                               - Undefined Weak Reference
    _fp_trap_init                             - Undefined Weak Reference
    _fp_trap_shutdown                         - Undefined Weak Reference
    _get_lc_collate                           - Undefined Weak Reference
    _get_lc_ctype                             - Undefined Weak Reference
    _get_lc_monetary                          - Undefined Weak Reference
    _get_lc_numeric                           - Undefined Weak Reference
    _get_lc_time                              - Undefined Weak Reference
    _getenv_init                              - Undefined Weak Reference
    _handle_redirection                       - Undefined Weak Reference
    _mutex_acquire                            - Undefined Weak Reference
    _mutex_free                               - Undefined Weak Reference
    _mutex_release                            - Undefined Weak Reference
    _rand_init                                - Undefined Weak Reference
    _signal_finish                            - Undefined Weak Reference
    _signal_init                              - Undefined Weak Reference
    Image$$RW_IRAM1$$Length                  0x00000014   Number         0  anon$$obj.o ABSOLUTE
    Image$$RW_IRAM1$$ZI$$Length              0x0000011c   Number         0  anon$$obj.o ABSOLUTE
    Image$$ER_IROM1$$Length                  0x00000cf4   Number         0  anon$$obj.o ABSOLUTE
    Load$$ER_IROM1$$Base                     0x08000000   Number         0  anon$$obj.o ABSOLUTE
    Load$$RW_IRAM1$$Base                     0x08000cf4   Number         0  anon$$obj.o ABSOLUTE
    Image$$ER_IROM1$$Base                    0x20000000   Number         0  anon$$obj.o ABSOLUTE
    __Vectors                                0x20000000   Data           4  start.o(RESET)
    Reset_Handler                            0x20000009   Thumb Code    40  start.o(.text)
    __rt_lib_init_heap_2                     0x20000009   Thumb Code     0  libinit2.o(.ARM.Collect$$libinit$$0000000A)
    __rt_lib_init_stdio_2                    0x20000009   Thumb Code     0  libinit2.o(.ARM.Collect$$libinit$$00000025)
    __rt_lib_shutdown_stdio_2                0x20000009   Thumb Code     0  libshutdown2.o(.ARM.Collect$$libshutdown$$00000006)
    _maybe_terminate_alloc                   0x20000009   Thumb Code     0  maybetermalloc1.o(.emb_text)
    getc                                     0x20000055   Thumb Code     4  getc.o(.text)
    putc                                     0x20000059   Thumb Code     4  putc.o(.text)
    _initio                                  0x2000005d   Thumb Code   210  initio.o(.text)
    _terminateio                             0x2000012f   Thumb Code    56  initio.o(.text)
    _sys_open                                0x20000195   Thumb Code    20  sys_io.o(.text)
    _sys_close                               0x200001a9   Thumb Code    12  sys_io.o(.text)
    _sys_write                               0x200001b5   Thumb Code    16  sys_io.o(.text)
    _sys_read                                0x200001c5   Thumb Code    14  sys_io.o(.text)
    _sys_istty                               0x200001d3   Thumb Code    12  sys_io.o(.text)
    _sys_seek                                0x200001df   Thumb Code    14  sys_io.o(.text)
    _sys_ensure                              0x200001ed   Thumb Code     2  sys_io.o(.text)
    _sys_flen                                0x200001ef   Thumb Code    12  sys_io.o(.text)
    free                                     0x200001fb   Thumb Code    78  h1_free.o(.text)
    setvbuf                                  0x20000249   Thumb Code    70  setvbuf.o(.text)
    freopen                                  0x20000291   Thumb Code   158  fopen.o(.text)
    fopen                                    0x2000032f   Thumb Code    74  fopen.o(.text)
    _fclose_internal                         0x2000037d   Thumb Code    76  fclose.o(.text)
    fclose                                   0x2000037d   Thumb Code     0  fclose.o(.text)
    __rt_SIGRTRED                            0x200003c9   Thumb Code    14  defsig_rtred_outer.o(.text)
    __aeabi_memclr4                          0x200003d7   Thumb Code     0  rt_memclr_w.o(.text)
    __aeabi_memclr8                          0x200003d7   Thumb Code     0  rt_memclr_w.o(.text)
    __rt_memclr_w                            0x200003d7   Thumb Code    78  rt_memclr_w.o(.text)
    _memset_w                                0x200003db   Thumb Code     0  rt_memclr_w.o(.text)
    __I$use$semihosting                      0x20000425   Thumb Code     0  use_no_semi.o(.text)
    __use_no_semihosting_swi                 0x20000425   Thumb Code     2  use_no_semi.o(.text)
    __semihosting_library_function           0x20000427   Thumb Code     0  indicate_semi.o(.text)
    __rt_heap_descriptor                     0x20000429   Thumb Code     8  rt_heap_descriptor.o(.text)
    __use_no_heap                            0x20000431   Thumb Code     2  hguard.o(.text)
    __heap$guard                             0x20000433   Thumb Code     2  hguard.o(.text)
    _terminate_user_alloc                    0x20000435   Thumb Code     2  init_alloc.o(.text)
    _init_user_alloc                         0x20000437   Thumb Code     2  init_alloc.o(.text)
    __Heap_Full                              0x20000439   Thumb Code    34  init_alloc.o(.text)
    __Heap_Broken                            0x2000045b   Thumb Code     6  init_alloc.o(.text)
    _init_alloc                              0x20000461   Thumb Code    94  init_alloc.o(.text)
    malloc                                   0x200004bf   Thumb Code    94  h1_alloc.o(.text)
    _fseek                                   0x2000051d   Thumb Code   242  fseek.o(.text)
    fseek                                    0x2000051d   Thumb Code     0  fseek.o(.text)
    _seterr                                  0x20000615   Thumb Code    20  stdio.o(.text)
    _writebuf                                0x20000629   Thumb Code    84  stdio.o(.text)
    _fflush                                  0x2000067d   Thumb Code    70  stdio.o(.text)
    _deferredlazyseek                        0x200006c3   Thumb Code    60  stdio.o(.text)
    __sig_exit                               0x20000705   Thumb Code    10  defsig_exit.o(.text)
    __rt_SIGRTRED_inner                      0x20000711   Thumb Code    14  defsig_rtred_inner.o(.text)
    strlen                                   0x20000745   Thumb Code    62  strlen.o(.text)
    _sys_exit                                0x20000785   Thumb Code     8  sys_exit.o(.text)
    __Heap_Initialize                        0x20000791   Thumb Code    10  h1_init.o(.text)
    __Heap_DescSize                          0x2000079b   Thumb Code     4  h1_init.o(.text)
    __Heap_ProvideMemory                     0x2000079f   Thumb Code    52  h1_extend.o(.text)
    _ftell_internal                          0x200007d3   Thumb Code    66  ftell.o(.text)
    ftell                                    0x200007d3   Thumb Code     0  ftell.o(.text)
    __default_signal_display                 0x20000815   Thumb Code    50  defsig_general.o(.text)
    __rt_SIGRTMEM                            0x20000847   Thumb Code    14  defsig_rtmem_outer.o(.text)
    __rt_heap_escrow                         0x20000855   Thumb Code    22  heapauxa.o(.text)
    __rt_heap_expand                         0x2000086b   Thumb Code    52  heapauxa.o(.text)
    _ttywrch                                 0x200008a5   Thumb Code    14  sys_wrch.o(.text)
    __aeabi_errno_addr                       0x200008b5   Thumb Code     8  rt_errno_addr.o(.text)
    __errno                                  0x200008b5   Thumb Code     0  rt_errno_addr.o(.text)
    __rt_errno_addr                          0x200008b5   Thumb Code     0  rt_errno_addr.o(.text)
    __rt_SIGRTMEM_inner                      0x200008bd   Thumb Code    22  defsig_rtmem_inner.o(.text)
    Delay_Tick                               0x2000090d   Thumb Code    82  sys.o(i.Delay_Tick)
    GPIO_SET                                 0x2000095f   Thumb Code   138  sys.o(i.GPIO_SET)
    Inital_Uart1                             0x200009e9   Thumb Code    88  uart.o(i.Inital_Uart1)
    Receive_Byte                             0x20000a4d   Thumb Code    52  uart.o(i.Receive_Byte)
    Receive_Data                             0x20000a85   Thumb Code    42  uart.o(i.Receive_Data)
    Send_Byte                                0x20000ab5   Thumb Code    22  uart.o(i.Send_Byte)
    Send_Data                                0x20000ad1   Thumb Code    70  uart.o(i.Send_Data)
    System_Clock_Init                        0x20000b1d   Thumb Code    62  sys.o(i.System_Clock_Init)
    System_Clock_Set                         0x20000b65   Thumb Code   164  sys.o(i.System_Clock_Set)
    fgetc                                    0x20000c11   Thumb Code    26  uart.o(i.fgetc)
    fputc                                    0x20000c2b   Thumb Code    16  uart.o(i.fputc)
    my_memcpy                                0x20000c3b   Thumb Code    26  mystring.o(i.my_memcpy)
    my_memset                                0x20000c55   Thumb Code    20  mystring.o(i.my_memset)
    my_putchar                               0x20000c69   Thumb Code    14  main.o(i.my_putchar)
    mymain                                   0x20000c7d   Thumb Code    82  main.o(i.mymain)
    g_Char2                                  0x20000ce4   Data           1  main.o(.constdata)
    __stdin_name                             0x20000ce5   Data           4  sys_io.o(.constdata)
    __stdout_name                            0x20000ce9   Data           4  sys_io.o(.constdata)
    __stderr_name                            0x20000ced   Data           4  sys_io.o(.constdata)
    Image$$RW_IRAM1$$Base                    0x20000cf4   Number         0  anon$$obj.o ABSOLUTE
    g_Char                                   0x20000cf4   Data           1  main.o(.data)
    __aeabi_stdin                            0x20000cf8   Data           4  stdio_streams.o(.data)
    __aeabi_stdout                           0x20000cfc   Data           4  stdio_streams.o(.data)
    __aeabi_stderr                           0x20000d00   Data           4  stdio_streams.o(.data)
    Image$$RW_IRAM1$$ZI$$Base                0x20000d08   Number         0  anon$$obj.o ABSOLUTE
    g_A                                      0x20000d08   Data          12  main.o(.bss)
    g_B                                      0x20000d14   Data           9  main.o(.bss)
    __stdin                                  0x20000d20   Data          84  stdio_streams.o(.bss)
    __stdout                                 0x20000d74   Data          84  stdio_streams.o(.bss)
    __stderr                                 0x20000dc8   Data          84  stdio_streams.o(.bss)



==============================================================================

Memory Map of the image

  Image entry point : Not specified.

  Load Region LR_IROM1 (Base: 0x08000000, Size: 0x00000d08, Max: 0x00080000, ABSOLUTE)

    Execution Region ARM_LIB_STACKHEAP (Exec base: 0x00000000, Load base: 0x08000d08, Size: 0x00000000, Max: 0x00000000, ABSOLUTE)

    Exec Addr    Load Addr    Size         Type   Attr      Idx    E Section Name        Object

    0x00000000        -       0x00000000   Zero   RW            1    ARM_LIB_STACKHEAP.bss  anon$$obj.o


    Execution Region ER_IROM1 (Exec base: 0x20000000, Load base: 0x08000000, Size: 0x00000cf4, Max: 0xffffffff, ABSOLUTE)

    Exec Addr    Load Addr    Size         Type   Attr      Idx    E Section Name        Object

    0x20000000   0x08000000   0x00000008   Data   RO           40    RESET               start.o
    0x20000008   0x08000008   0x00000000   Code   RO          254    .ARM.Collect$$libinit$$0000000A  c_w.l(libinit2.o)
    0x20000008   0x08000008   0x00000000   Code   RO          281    .ARM.Collect$$libinit$$00000025  c_w.l(libinit2.o)
    0x20000008   0x08000008   0x00000000   Code   RO          298    .ARM.Collect$$libshutdown$$00000006  c_w.l(libshutdown2.o)
    0x20000008   0x08000008   0x00000000   Code   RO          364    .emb_text           c_w.l(maybetermalloc1.o)
    0x20000008   0x08000008   0x0000004c   Code   RO           41    .text               start.o
    0x20000054   0x08000054   0x00000004   Code   RO          154    .text               c_w.l(getc.o)
    0x20000058   0x08000058   0x00000004   Code   RO          156    .text               c_w.l(putc.o)
    0x2000005c   0x0800005c   0x00000138   Code   RO          164    .text               c_w.l(initio.o)
    0x20000194   0x08000194   0x00000066   Code   RO          168    .text               c_w.l(sys_io.o)
    0x200001fa   0x080001fa   0x0000004e   Code   RO          177    .text               c_w.l(h1_free.o)
    0x20000248   0x08000248   0x00000046   Code   RO          231    .text               c_w.l(setvbuf.o)
    0x2000028e   0x0800028e   0x00000002   PAD
    0x20000290   0x08000290   0x000000ec   Code   RO          234    .text               c_w.l(fopen.o)
    0x2000037c   0x0800037c   0x0000004c   Code   RO          236    .text               c_w.l(fclose.o)
    0x200003c8   0x080003c8   0x0000000e   Code   RO          242    .text               c_w.l(defsig_rtred_outer.o)
    0x200003d6   0x080003d6   0x0000004e   Code   RO          246    .text               c_w.l(rt_memclr_w.o)
    0x20000424   0x08000424   0x00000002   Code   RO          311    .text               c_w.l(use_no_semi.o)
    0x20000426   0x08000426   0x00000000   Code   RO          313    .text               c_w.l(indicate_semi.o)
    0x20000426   0x08000426   0x00000002   PAD
    0x20000428   0x08000428   0x00000008   Code   RO          316    .text               c_w.l(rt_heap_descriptor.o)
    0x20000430   0x08000430   0x00000004   Code   RO          321    .text               c_w.l(hguard.o)
    0x20000434   0x08000434   0x0000008a   Code   RO          323    .text               c_w.l(init_alloc.o)
    0x200004be   0x080004be   0x0000005e   Code   RO          329    .text               c_w.l(h1_alloc.o)
    0x2000051c   0x0800051c   0x000000f8   Code   RO          343    .text               c_w.l(fseek.o)
    0x20000614   0x08000614   0x000000f0   Code   RO          345    .text               c_w.l(stdio.o)
    0x20000704   0x08000704   0x0000000a   Code   RO          347    .text               c_w.l(defsig_exit.o)
    0x2000070e   0x0800070e   0x00000002   PAD
    0x20000710   0x08000710   0x00000034   Code   RO          349    .text               c_w.l(defsig_rtred_inner.o)
    0x20000744   0x08000744   0x0000003e   Code   RO          351    .text               c_w.l(strlen.o)
    0x20000782   0x08000782   0x00000002   PAD
    0x20000784   0x08000784   0x0000000c   Code   RO          359    .text               c_w.l(sys_exit.o)
    0x20000790   0x08000790   0x0000000e   Code   RO          366    .text               c_w.l(h1_init.o)
    0x2000079e   0x0800079e   0x00000034   Code   RO          368    .text               c_w.l(h1_extend.o)
    0x200007d2   0x080007d2   0x00000042   Code   RO          374    .text               c_w.l(ftell.o)
    0x20000814   0x08000814   0x00000032   Code   RO          378    .text               c_w.l(defsig_general.o)
    0x20000846   0x08000846   0x0000000e   Code   RO          380    .text               c_w.l(defsig_rtmem_outer.o)
    0x20000854   0x08000854   0x00000050   Code   RO          384    .text               c_w.l(heapauxa.o)
    0x200008a4   0x080008a4   0x0000000e   Code   RO          395    .text               c_w.l(sys_wrch.o)
    0x200008b2   0x080008b2   0x00000002   PAD
    0x200008b4   0x080008b4   0x00000008   Code   RO          399    .text               c_w.l(rt_errno_addr.o)
    0x200008bc   0x080008bc   0x00000050   Code   RO          408    .text               c_w.l(defsig_rtmem_inner.o)
    0x2000090c   0x0800090c   0x00000052   Code   RO           46    i.Delay_Tick        sys.o
    0x2000095e   0x0800095e   0x0000008a   Code   RO           47    i.GPIO_SET          sys.o
    0x200009e8   0x080009e8   0x00000064   Code   RO           79    i.Inital_Uart1      uart.o
    0x20000a4c   0x08000a4c   0x00000038   Code   RO           80    i.Receive_Byte      uart.o
    0x20000a84   0x08000a84   0x00000030   Code   RO           81    i.Receive_Data      uart.o
    0x20000ab4   0x08000ab4   0x0000001c   Code   RO           82    i.Send_Byte         uart.o
    0x20000ad0   0x08000ad0   0x0000004c   Code   RO           83    i.Send_Data         uart.o
    0x20000b1c   0x08000b1c   0x00000048   Code   RO           48    i.System_Clock_Init  sys.o
    0x20000b64   0x08000b64   0x000000ac   Code   RO           49    i.System_Clock_Set  sys.o
    0x20000c10   0x08000c10   0x0000001a   Code   RO           84    i.fgetc             uart.o
    0x20000c2a   0x08000c2a   0x00000010   Code   RO           85    i.fputc             uart.o
    0x20000c3a   0x08000c3a   0x0000001a   Code   RO          131    i.my_memcpy         mystring.o
    0x20000c54   0x08000c54   0x00000014   Code   RO          132    i.my_memset         mystring.o
    0x20000c68   0x08000c68   0x00000014   Code   RO            2    i.my_putchar        main.o
    0x20000c7c   0x08000c7c   0x00000068   Code   RO            3    i.mymain            main.o
    0x20000ce4   0x08000ce4   0x00000001   Data   RO            5    .constdata          main.o
    0x20000ce5   0x08000ce5   0x00000004   Data   RO          169    .constdata          c_w.l(sys_io.o)
    0x20000ce9   0x08000ce9   0x00000004   Data   RO          170    .constdata          c_w.l(sys_io.o)
    0x20000ced   0x08000ced   0x00000004   Data   RO          171    .constdata          c_w.l(sys_io.o)


    Execution Region RW_IRAM1 (Exec base: 0x20000cf4, Load base: 0x08000cf4, Size: 0x00000130, Max: 0xffffffff, ABSOLUTE)

    Exec Addr    Load Addr    Size         Type   Attr      Idx    E Section Name        Object

    0x20000cf4   0x08000cf4   0x00000001   Data   RW            6    .data               main.o
    0x20000cf5   0x08000cf5   0x00000003   PAD
    0x20000cf8   0x08000cf8   0x00000004   Data   RW          161    .data               c_w.l(stdio_streams.o)
    0x20000cfc   0x08000cfc   0x00000004   Data   RW          162    .data               c_w.l(stdio_streams.o)
    0x20000d00   0x08000d00   0x00000004   Data   RW          163    .data               c_w.l(stdio_streams.o)
    0x20000d04   0x08000d04   0x00000004   Data   RW          385    .data               c_w.l(heapauxa.o)
    0x20000d08        -       0x00000015   Zero   RW            4    .bss                main.o
    0x20000d1d   0x08000d08   0x00000003   PAD
    0x20000d20        -       0x00000054   Zero   RW          158    .bss                c_w.l(stdio_streams.o)
    0x20000d74        -       0x00000054   Zero   RW          159    .bss                c_w.l(stdio_streams.o)
    0x20000dc8        -       0x00000054   Zero   RW          160    .bss                c_w.l(stdio_streams.o)
    0x20000e1c        -       0x00000004   Zero   RW          317    .bss                c_w.l(rt_heap_descriptor.o)
    0x20000e20        -       0x00000004   Zero   RW          400    .bss                c_w.l(rt_errno_addr.o)


==============================================================================

Image component sizes


      Code (inc. data)   RO Data    RW Data    ZI Data      Debug   Object Name

       124         28          1          1         21       3947   main.o
        46          0          0          0          0       1292   mystring.o
        76         36          8          0          0        368   start.o
       464         18          0          0          0       2947   sys.o
       350         34          0          0          0       5873   uart.o

    ----------------------------------------------------------------------
      1060        116          9          4         24      14427   Object Totals
         0          0          0          0          0          0   (incl. Generated)
         0          0          0          3          3          0   (incl. Padding)

    ----------------------------------------------------------------------

      Code (inc. data)   RO Data    RW Data    ZI Data      Debug   Library Member Name

        10          0          0          0          0         68   defsig_exit.o
        50          0          0          0          0         88   defsig_general.o
        80         58          0          0          0         76   defsig_rtmem_inner.o
        14          0          0          0          0         80   defsig_rtmem_outer.o
        52         38          0          0          0         76   defsig_rtred_inner.o
        14          0          0          0          0         80   defsig_rtred_outer.o
        76          0          0          0          0         88   fclose.o
       236          4          0          0          0        128   fopen.o
       248          6          0          0          0         84   fseek.o
        66          0          0          0          0         76   ftell.o
         4          0          0          0          0         68   getc.o
        94          0          0          0          0         80   h1_alloc.o
        52          0          0          0          0         68   h1_extend.o
        78          0          0          0          0         80   h1_free.o
        14          0          0          0          0         84   h1_init.o
        80          6          0          4          0         96   heapauxa.o
         4          0          0          0          0        136   hguard.o
         0          0          0          0          0          0   indicate_semi.o
       138          0          0          0          0        168   init_alloc.o
       312         46          0          0          0        112   initio.o
         0          0          0          0          0          0   libinit2.o
         0          0          0          0          0          0   libshutdown2.o
         0          0          0          0          0          0   maybetermalloc1.o
         4          0          0          0          0         68   putc.o
         8          4          0          0          4         68   rt_errno_addr.o
         8          4          0          0          4         68   rt_heap_descriptor.o
        78          0          0          0          0         80   rt_memclr_w.o
        70          0          0          0          0         80   setvbuf.o
       240          6          0          0          0        156   stdio.o
         0          0          0         12        252          0   stdio_streams.o
        62          0          0          0          0         76   strlen.o
        12          4          0          0          0         68   sys_exit.o
       102          0         12          0          0        240   sys_io.o
        14          0          0          0          0         76   sys_wrch.o
         2          0          0          0          0         68   use_no_semi.o

    ----------------------------------------------------------------------
      2232        176         15         16        260       2784   Library Totals
        10          0          3          0          0          0   (incl. Padding)

    ----------------------------------------------------------------------

      Code (inc. data)   RO Data    RW Data    ZI Data      Debug   Library Name

      2222        176         12         16        260       2784   c_w.l

    ----------------------------------------------------------------------
      2232        176         15         16        260       2784   Library Totals

    ----------------------------------------------------------------------

==============================================================================


      Code (inc. data)   RO Data    RW Data    ZI Data      Debug   

      3292        292         24         20        284      15027   Grand Totals
      3292        292         24         20        284      15027   ELF Image Totals
      3292        292         24         20          0          0   ROM Totals

==============================================================================

    Total RO  Size (Code + RO Data)                 3316 (   3.24kB)
    Total RW  Size (RW Data + ZI Data)               304 (   0.30kB)
    Total ROM Size (Code + RO Data + RW Data)       3336 (   3.26kB)

==============================================================================

