


ARM Macro Assembler    Page 1 


    1 00000000         
    2 00000000                 PRESERVE8
    3 00000000                 THUMB
    4 00000000         
    5 00000000         
    6 00000000         ; Vector Table Mapped to Address 0 at Reset
    7 00000000                 AREA             RESET, DATA, READONLY
    8 00000000                 EXPORT           __Vectors
    9 00000000         
   10 00000000 00000000 
                       __Vectors
                               DCD              0
   11 00000004 08000009        DCD              0x08000009  ; Reset Handler
   12 00000008         
   13 00000008                 AREA             |.text|, CODE, READONLY
   14 00000000         
   15 00000000         ; Reset handler
   16 00000000         Reset_Handler
                               PROC
   17 00000000                 EXPORT           Reset_Handler             [WEAK
]
   18 00000000                 IMPORT           mymain
   19 00000000         
   20 00000000                 IMPORT           my_memcpy
   21 00000000         
   22 00000000                 IMPORT           |Image$$ER_IROM1$$Base|
   23 00000000                 IMPORT           |Image$$ER_IROM1$$Length|
   24 00000000                 IMPORT           |Load$$ER_IROM1$$Base|
   25 00000000         
   26 00000000 4809            LDR              R0, = |Image$$ER_IROM1$$Base| 
                                                            ; DEST
   27 00000002 490A            LDR              R1, = |Load$$ER_IROM1$$Base| 
                                                            ; SORUCE
   28 00000004 4A0A            LDR              R2, = |Image$$ER_IROM1$$Length|
 
                                                            ; LENGTH
   29 00000006 F8DF D02C       LDR              SP, =(0x20000000+0x10000)
   30 0000000A F7FF FFFE       BL               my_memcpy
   31 0000000E         
   32 0000000E                 IMPORT           |Image$$RW_IRAM1$$Base|
   33 0000000E                 IMPORT           |Image$$RW_IRAM1$$Length|
   34 0000000E                 IMPORT           |Load$$RW_IRAM1$$Base|
   35 0000000E         
   36 0000000E                 IMPORT           my_memset
   37 0000000E                 IMPORT           |Image$$RW_IRAM1$$ZI$$Base|
   38 0000000E                 IMPORT           |Image$$RW_IRAM1$$ZI$$Length|
   39 0000000E         
   40 0000000E 480A            LDR              R0, = |Image$$RW_IRAM1$$Base| 
                                                            ; DEST
   41 00000010 490A            LDR              R1, = |Load$$RW_IRAM1$$Base| 
                                                            ; SORUCE
   42 00000012 4A0B            LDR              R2, = |Image$$RW_IRAM1$$Length|
 
                                                            ; LENGTH
   43 00000014 F7FF FFFE       BL               my_memcpy
   44 00000018         
   45 00000018 480A            LDR              R0, = |Image$$RW_IRAM1$$ZI$$Bas
e| 
                                                            ; DEST



ARM Macro Assembler    Page 2 


   46 0000001A F04F 0100       MOV              R1,#0       ; SET_VALUE
   47 0000001E 4A0A            LDR              R2, = |Image$$RW_IRAM1$$ZI$$Len
gth| 
                                                            ; LENGTH
   48 00000020 F7FF FFFE       BL               my_memset
   49 00000024 F7FF FFFE       BL               mymain
   50 00000028         
   51 00000028                 ENDP
   52 00000028         
   53 00000028                 END
              00000000 
              00000000 
              00000000 
              20010000 
              00000000 
              00000000 
              00000000 
              00000000 
              00000000 
Command Line: --debug --xref --diag_suppress=9931 --cpu=Cortex-M3 --apcs=interw
ork --depend=..\output\start.d -o..\output\start.o -ID:\keil\Keil\STM32F1xx_DFP
\2.4.0\Device\Include --predefine="__EVAL SETA 1" --predefine="__UVISION_VERSIO
N SETA 537" --predefine="STM32F10X_HD SETA 1" --list=.\listings\start.lst start
.s



ARM Macro Assembler    Page 1 Alphabetic symbol ordering
Relocatable symbols

RESET 00000000

Symbol: RESET
   Definitions
      At line 7 in file start.s
   Uses
      None
Comment: RESET unused
__Vectors 00000000

Symbol: __Vectors
   Definitions
      At line 10 in file start.s
   Uses
      At line 8 in file start.s
Comment: __Vectors used once
2 symbols



ARM Macro Assembler    Page 1 Alphabetic symbol ordering
Relocatable symbols

.text 00000000

Symbol: .text
   Definitions
      At line 13 in file start.s
   Uses
      None
Comment: .text unused
Reset_Handler 00000000

Symbol: Reset_Handler
   Definitions
      At line 16 in file start.s
   Uses
      At line 17 in file start.s
Comment: Reset_Handler used once
2 symbols



ARM Macro Assembler    Page 1 Alphabetic symbol ordering
External symbols

Image$$ER_IROM1$$Base 00000000

Symbol: Image$$ER_IROM1$$Base
   Definitions
      At line 22 in file start.s
   Uses
      At line 26 in file start.s
Comment: Image$$ER_IROM1$$Base used once
Image$$ER_IROM1$$Length 00000000

Symbol: Image$$ER_IROM1$$Length
   Definitions
      At line 23 in file start.s
   Uses
      At line 28 in file start.s
Comment: Image$$ER_IROM1$$Length used once
Image$$RW_IRAM1$$Base 00000000

Symbol: Image$$RW_IRAM1$$Base
   Definitions
      At line 32 in file start.s
   Uses
      At line 40 in file start.s
Comment: Image$$RW_IRAM1$$Base used once
Image$$RW_IRAM1$$Length 00000000

Symbol: Image$$RW_IRAM1$$Length
   Definitions
      At line 33 in file start.s
   Uses
      At line 42 in file start.s
Comment: Image$$RW_IRAM1$$Length used once
Image$$RW_IRAM1$$ZI$$Base 00000000

Symbol: Image$$RW_IRAM1$$ZI$$Base
   Definitions
      At line 37 in file start.s
   Uses
      At line 45 in file start.s
Comment: Image$$RW_IRAM1$$ZI$$Base used once
Image$$RW_IRAM1$$ZI$$Length 00000000

Symbol: Image$$RW_IRAM1$$ZI$$Length
   Definitions
      At line 38 in file start.s
   Uses
      At line 47 in file start.s
Comment: Image$$RW_IRAM1$$ZI$$Length used once
Load$$ER_IROM1$$Base 00000000

Symbol: Load$$ER_IROM1$$Base
   Definitions
      At line 24 in file start.s
   Uses
      At line 27 in file start.s
Comment: Load$$ER_IROM1$$Base used once
Load$$RW_IRAM1$$Base 00000000

Symbol: Load$$RW_IRAM1$$Base



ARM Macro Assembler    Page 2 Alphabetic symbol ordering
External symbols

   Definitions
      At line 34 in file start.s
   Uses
      At line 41 in file start.s
Comment: Load$$RW_IRAM1$$Base used once
my_memcpy 00000000

Symbol: my_memcpy
   Definitions
      At line 20 in file start.s
   Uses
      At line 30 in file start.s
      At line 43 in file start.s

my_memset 00000000

Symbol: my_memset
   Definitions
      At line 36 in file start.s
   Uses
      At line 48 in file start.s
Comment: my_memset used once
mymain 00000000

Symbol: mymain
   Definitions
      At line 18 in file start.s
   Uses
      At line 49 in file start.s
Comment: mymain used once
11 symbols
350 symbols in table
