<html>
<body>
<pre>
<h1>µVision Build Log</h1>
<h2>Tool Versions:</h2>
IDE-Version: ¶ÃVision V5.37.0.0
Copyright (C) 2022 ARM Ltd and ARM Germany GmbH. All rights reserved.
License Information: zhigao du, HP Inc., LIC=----
 
Tool Versions:
Toolchain:       MDK-Lite  Version: 5.36.0.0
Toolchain Path:  D:\keil\ARM\ARMCC\Bin
C Compiler:      Armcc.exe V5.06 update 7 (build 960)
Assembler:       Armasm.exe V5.06 update 7 (build 960)
Linker/Locator:  ArmLink.exe V5.06 update 7 (build 960)
Library Manager: ArmAr.exe V5.06 update 7 (build 960)
Hex Converter:   FromElf.exe V5.06 update 7 (build 960)
CPU DLL:         SARMCM3.DLL V5.36.0.0
Dialog DLL:      DCM.DLL V1.17.3.0
Target DLL:      STLink\ST-LINKIII-KEIL_SWO.dll V3.0.9.0
Dialog DLL:      TCM.DLL V1.53.0.0
 
<h2>Project:</h2>
C:\Users\dzg\Desktop\project\…Ó»Îarmº‹ππ\03_data_need_relocation\user\03_data_need_relocation.uvprojx
Project File Date:  12/20/2022

<h2>Output:</h2>
*** Using Compiler 'V5.06 update 7 (build 960)', folder: 'D:\keil\ARM\ARMCC\Bin'
Rebuild target '03_data_need_relocation'
assembling start.s...
compiling sys.c...
..\system\sys\sys.h(8): warning:  #1-D: last line of file ends without a newline
  #endif
..\system\regdef\stm32f103zet6.h(37): warning:  #1-D: last line of file ends without a newline
  #endif
..\system\sys\sys.c: 2 warnings, 0 errors
compiling main.c...
..\system\sys\sys.h(8): warning:  #1-D: last line of file ends without a newline
  #endif
..\hardware\uart\uart.h(3): warning:  #14-D: extra text after expected end of preprocessing directive
  #include "typedef.h""
main.c(32): warning:  #1-D: last line of file ends without a newline
  }
main.c: 3 warnings, 0 errors
compiling uart.c...
..\hardware\uart\uart.h(3): warning:  #14-D: extra text after expected end of preprocessing directive
  #include "typedef.h""
..\system\sys\sys.h(8): warning:  #1-D: last line of file ends without a newline
  #endif
..\hardware\uart\uart.c(3): warning:  #14-D: extra text after expected end of preprocessing directive
  #include "stm32f103zet6.h""
..\system\regdef\stm32f103zet6.h(37): warning:  #1-D: last line of file ends without a newline
  #endif
..\hardware\uart\uart.c(86): warning:  #1-D: last line of file ends without a newline
  }
..\hardware\uart\uart.c: 5 warnings, 0 errors
linking...
Program Size: Code=3384 RO-data=52 RW-data=28 ZI-data=348  
FromELF: creating hex file...
"..\output\03_data_need_relocation.axf" - 0 Error(s), 10 Warning(s).

<h2>Software Packages used:</h2>

Package Vendor: Keil
                http://www.keil.com/pack/Keil.STM32F1xx_DFP.2.4.0.pack
                Keil.STM32F1xx_DFP.2.4.0
                STMicroelectronics STM32F1 Series Device Support, Drivers and Examples

<h2>Collection of Component include folders:</h2>
  D:/keil/Keil/STM32F1xx_DFP/2.4.0/Device/Include

<h2>Collection of Component Files used:</h2>
Build Time Elapsed:  00:00:00
</pre>
</body>
</html>
