Component: ARM Compiler 5.06 update 7 (build 960) Tool: armlink [4d3601]

==============================================================================

Section Cross References

    main.o(i.main) refers to sys.o(i.System_Clock_Init) for System_Clock_Init
    main.o(i.main) refers to uart.o(i.Inital_Uart1) for Inital_Uart1
    main.o(i.main) refers to putc.o(.text) for putc
    main.o(i.main) refers to getc.o(.text) for getc
    main.o(i.main) refers to stdio_streams.o(.bss) for __stdout
    main.o(i.main) refers to main.o(.data) for g_Char
    main.o(i.main) refers to stdio_streams.o(.bss) for __stdin
    start.o(RESET) refers to start.o(.text) for Reset_Handler
    start.o(.text) refers to main.o(i.main) for main
    sys.o(i.System_Clock_Init) refers to sys.o(i.System_Clock_Set) for System_Clock_Set
    uart.o(i.Inital_Uart1) refers to sys.o(i.GPIO_SET) for GPIO_SET
    uart.o(i.Receive_Data) refers to uart.o(i.Receive_Byte) for Receive_Byte
    uart.o(i.Send_Data) refers to uart.o(i.Send_Byte) for Send_Byte
    uart.o(i.fgetc) refers to uart.o(i.Receive_Data) for Receive_Data
    uart.o(i.fputc) refers to uart.o(i.Send_Data) for Send_Data
    getc.o(.text) refers to uart.o(i.fgetc) for fgetc
    putc.o(.text) refers to uart.o(i.fputc) for fputc
    stdio_streams.o(.bss) refers (Special) to initio.o(.text) for _initio
    stdio_streams.o(.bss) refers (Special) to initio.o(.text) for _initio
    stdio_streams.o(.bss) refers (Special) to initio.o(.text) for _initio
    stdio_streams.o(.data) refers (Special) to initio.o(.text) for _initio
    stdio_streams.o(.data) refers (Special) to initio.o(.text) for _initio
    stdio_streams.o(.data) refers (Special) to initio.o(.text) for _initio
    __main.o(!!!main) refers to __rtentry.o(.ARM.Collect$$rtentry$$00000000) for __rt_entry
    __rtentry.o(.ARM.Collect$$rtentry$$00000000) refers (Special) to __rtentry2.o(.ARM.Collect$$rtentry$$0000000A) for __rt_entry_li
    __rtentry.o(.ARM.Collect$$rtentry$$00000000) refers (Special) to __rtentry2.o(.ARM.Collect$$rtentry$$0000000D) for __rt_entry_main
    __rtentry.o(.ARM.Collect$$rtentry$$00000000) refers (Special) to __rtentry2.o(.ARM.Collect$$rtentry$$0000000C) for __rt_entry_postli_1
    __rtentry.o(.ARM.Collect$$rtentry$$00000000) refers (Special) to __rtentry2.o(.ARM.Collect$$rtentry$$00000009) for __rt_entry_postsh_1
    __rtentry.o(.ARM.Collect$$rtentry$$00000000) refers (Special) to __rtentry2.o(.ARM.Collect$$rtentry$$00000002) for __rt_entry_presh_1
    __rtentry.o(.ARM.Collect$$rtentry$$00000000) refers (Special) to __rtentry4.o(.ARM.Collect$$rtentry$$00000004) for __rt_entry_sh
    initio.o(.text) refers (Special) to libinit2.o(.ARM.Collect$$libinit$$00000024) for __rt_lib_init_stdio_2
    initio.o(.text) refers (Special) to libshutdown2.o(.ARM.Collect$$libshutdown$$00000005) for __rt_lib_shutdown_stdio_2
    initio.o(.text) refers to rt_memclr_w.o(.text) for __aeabi_memclr4
    initio.o(.text) refers to fopen.o(.text) for freopen
    initio.o(.text) refers to defsig_rtred_outer.o(.text) for __rt_SIGRTRED
    initio.o(.text) refers to setvbuf.o(.text) for setvbuf
    initio.o(.text) refers to fclose.o(.text) for _fclose_internal
    initio.o(.text) refers to h1_free.o(.text) for free
    initio.o(.text) refers to stdio_streams.o(.bss) for __stdin
    initio.o(.text) refers to stdio_streams.o(.bss) for __stdout
    initio.o(.text) refers to stdio_streams.o(.bss) for __stderr
    initio.o(.text) refers to stdio_streams.o(.data) for __aeabi_stdin
    initio.o(.text) refers to stdio_streams.o(.data) for __aeabi_stdout
    initio.o(.text) refers to stdio_streams.o(.data) for __aeabi_stderr
    initio.o(.text) refers to sys_io.o(.constdata) for __stdin_name
    initio.o(.text) refers to sys_io.o(.constdata) for __stdout_name
    initio.o(.text) refers to sys_io.o(.constdata) for __stderr_name
    initio_locked.o(.text) refers (Special) to libinit2.o(.ARM.Collect$$libinit$$00000024) for __rt_lib_init_stdio_2
    initio_locked.o(.text) refers (Special) to libshutdown2.o(.ARM.Collect$$libshutdown$$00000005) for __rt_lib_shutdown_stdio_2
    initio_locked.o(.text) refers to rt_memclr_w.o(.text) for __aeabi_memclr4
    initio_locked.o(.text) refers to fopen.o(.text) for freopen
    initio_locked.o(.text) refers to defsig_rtred_outer.o(.text) for __rt_SIGRTRED
    initio_locked.o(.text) refers to setvbuf.o(.text) for setvbuf
    initio_locked.o(.text) refers to fclose.o(.text) for _fclose_internal
    initio_locked.o(.text) refers to h1_free.o(.text) for free
    initio_locked.o(.text) refers to stdio_streams.o(.bss) for __stdin
    initio_locked.o(.text) refers to stdio_streams.o(.bss) for __stdout
    initio_locked.o(.text) refers to stdio_streams.o(.bss) for __stderr
    initio_locked.o(.text) refers to stdio_streams.o(.data) for __aeabi_stdin
    initio_locked.o(.text) refers to stdio_streams.o(.data) for __aeabi_stdout
    initio_locked.o(.text) refers to stdio_streams.o(.data) for __aeabi_stderr
    initio_locked.o(.text) refers to streamlock.o(.data) for _stream_list_lock
    initio_locked.o(.text) refers to sys_io.o(.constdata) for __stdin_name
    initio_locked.o(.text) refers to sys_io.o(.constdata) for __stdout_name
    initio_locked.o(.text) refers to sys_io.o(.constdata) for __stderr_name
    sys_io.o(.text) refers (Special) to use_no_semi.o(.text) for __I$use$semihosting
    sys_io.o(.text) refers (Special) to indicate_semi.o(.text) for __semihosting_library_function
    sys_io.o(.text) refers to strlen.o(.text) for strlen
    sys_io.o(.constdata) refers (Special) to use_no_semi.o(.text) for __I$use$semihosting
    sys_io.o(.constdata) refers (Special) to indicate_semi.o(.text) for __semihosting_library_function
    sys_io.o(.constdata) refers (Special) to use_no_semi.o(.text) for __I$use$semihosting
    sys_io.o(.constdata) refers (Special) to indicate_semi.o(.text) for __semihosting_library_function
    sys_io.o(.constdata) refers (Special) to use_no_semi.o(.text) for __I$use$semihosting
    sys_io.o(.constdata) refers (Special) to indicate_semi.o(.text) for __semihosting_library_function
    __rtentry2.o(.ARM.Collect$$rtentry$$00000008) refers to boardinit2.o(.text) for _platform_post_stackheap_init
    __rtentry2.o(.ARM.Collect$$rtentry$$0000000A) refers to libinit.o(.ARM.Collect$$libinit$$00000000) for __rt_lib_init
    __rtentry2.o(.ARM.Collect$$rtentry$$0000000B) refers to boardinit3.o(.text) for _platform_post_lib_init
    __rtentry2.o(.ARM.Collect$$rtentry$$0000000D) refers to main.o(i.main) for main
    __rtentry2.o(.ARM.Collect$$rtentry$$0000000D) refers to exit.o(.text) for exit
    __rtentry2.o(.ARM.exidx) refers to __rtentry2.o(.ARM.Collect$$rtentry$$00000001) for .ARM.Collect$$rtentry$$00000001
    __rtentry2.o(.ARM.exidx) refers to __rtentry2.o(.ARM.Collect$$rtentry$$00000008) for .ARM.Collect$$rtentry$$00000008
    __rtentry2.o(.ARM.exidx) refers to __rtentry2.o(.ARM.Collect$$rtentry$$0000000A) for .ARM.Collect$$rtentry$$0000000A
    __rtentry2.o(.ARM.exidx) refers to __rtentry2.o(.ARM.Collect$$rtentry$$0000000B) for .ARM.Collect$$rtentry$$0000000B
    __rtentry2.o(.ARM.exidx) refers to __rtentry2.o(.ARM.Collect$$rtentry$$0000000D) for .ARM.Collect$$rtentry$$0000000D
    __rtentry4.o(.ARM.Collect$$rtentry$$00000004) refers to sys_stackheap_outer.o(.text) for __user_setup_stackheap
    __rtentry4.o(.ARM.exidx) refers to __rtentry4.o(.ARM.Collect$$rtentry$$00000004) for .ARM.Collect$$rtentry$$00000004
    free.o(.text) refers (Special) to hguard.o(.text) for __heap$guard
    free.o(.text) refers to rt_heap_descriptor_intlibspace.o(.text) for __rt_heap_descriptor
    free.o(.text) refers to heapstubs.o(.text) for __Heap_Free
    h1_free.o(.text) refers to rt_heap_descriptor_intlibspace.o(.text) for __rt_heap_descriptor
    h1_free_mt.o(.text) refers to rt_heap_descriptor_intlibspace.o(.text) for __rt_heap_descriptor
    heap2.o(i._FDIterate) refers to heap2.o(.conststring) for .conststring
    heap2.o(i.___Heap_ProvideMemory$realtime) refers to fdtree.o(i._FDTree_Delete) for _FDTree_Delete
    heap2.o(i.___Heap_ProvideMemory$realtime) refers to fdtree.o(i._FDTree_Insert) for _FDTree_Insert
    heap2.o(i.___Heap_Stats$realtime) refers to heap2.o(i._Heap2_StatsIterate) for _Heap2_StatsIterate
    heap2.o(i.___Heap_Valid$realtime) refers to heap2.o(i._FDIterate) for _FDIterate
    heap2.o(i.___Heap_Valid$realtime) refers to heap2.o(.conststring) for .conststring
    heap2.o(i._free$realtime) refers to rt_heap_descriptor_intlibspace.o(.text) for __rt_heap_descriptor
    heap2.o(i._free$realtime) refers to fdtree.o(i._FDTree_Delete) for _FDTree_Delete
    heap2.o(i._free$realtime) refers to fdtree.o(i._FDTree_Insert) for _FDTree_Insert
    heap2.o(i._malloc$realtime) refers to rt_heap_descriptor_intlibspace.o(.text) for __rt_heap_descriptor
    heap2.o(i._malloc$realtime) refers to fdtree.o(i._FDTree_FindFirst) for _FDTree_FindFirst
    heap2.o(i._malloc$realtime) refers to init_alloc.o(.text) for __Heap_Full
    heap2.o(i._malloc$realtime) refers to fdtree.o(i._FDTree_RemoveNode) for _FDTree_RemoveNode
    heap2.o(i._malloc$realtime) refers to fdtree.o(i._FDTree_Insert) for _FDTree_Insert
    heap2.o(i._posix_memalign$realtime) refers to rt_heap_descriptor_intlibspace.o(.text) for __rt_heap_descriptor
    heap2.o(i._posix_memalign$realtime) refers to fdtree.o(i._FDTree_FindFirst) for _FDTree_FindFirst
    heap2.o(i._posix_memalign$realtime) refers to init_alloc.o(.text) for __Heap_Full
    heap2.o(i._posix_memalign$realtime) refers to fdtree.o(i._FDTree_RemoveNode) for _FDTree_RemoveNode
    heap2.o(i._posix_memalign$realtime) refers to fdtree.o(i._FDTree_Insert) for _FDTree_Insert
    heap2.o(i._realloc$realtime) refers to rt_heap_descriptor_intlibspace.o(.text) for __rt_heap_descriptor
    heap2.o(i._realloc$realtime) refers to fdtree.o(i._FDTree_Insert) for _FDTree_Insert
    heap2.o(i._realloc$realtime) refers to h1_free.o(.text) for free
    heap2.o(i._realloc$realtime) refers to h1_alloc.o(.text) for malloc
    heap2.o(i._realloc$realtime) refers to fdtree.o(i._FDTree_Delete) for _FDTree_Delete
    heap2.o(i._realloc$realtime) refers to rt_memcpy_w.o(.text) for __aeabi_memcpy4
    heap2mt.o(i._FDIterate) refers to heap2mt.o(.conststring) for .conststring
    heap2mt.o(i.___Heap_Initialize$realtime$concurrent) refers to mutex_dummy.o(.text) for _mutex_initialize
    heap2mt.o(i.___Heap_ProvideMemory$realtime$concurrent) refers to fdtree.o(i._FDTree_Delete) for _FDTree_Delete
    heap2mt.o(i.___Heap_ProvideMemory$realtime$concurrent) refers to fdtree.o(i._FDTree_Insert) for _FDTree_Insert
    heap2mt.o(i.___Heap_Stats$realtime$concurrent) refers to heap2mt.o(i._Heap2_StatsIterate) for _Heap2_StatsIterate
    heap2mt.o(i.___Heap_Valid$realtime$concurrent) refers to heap2mt.o(i._FDIterate) for _FDIterate
    heap2mt.o(i.___Heap_Valid$realtime$concurrent) refers to heap2mt.o(.conststring) for .conststring
    heap2mt.o(i._free$realtime$concurrent) refers to rt_heap_descriptor_intlibspace.o(.text) for __rt_heap_descriptor
    heap2mt.o(i._free$realtime$concurrent) refers to fdtree.o(i._FDTree_Delete) for _FDTree_Delete
    heap2mt.o(i._free$realtime$concurrent) refers to fdtree.o(i._FDTree_Insert) for _FDTree_Insert
    heap2mt.o(i._malloc$realtime$concurrent) refers to rt_heap_descriptor_intlibspace.o(.text) for __rt_heap_descriptor
    heap2mt.o(i._malloc$realtime$concurrent) refers to fdtree.o(i._FDTree_FindFirst) for _FDTree_FindFirst
    heap2mt.o(i._malloc$realtime$concurrent) refers to init_alloc.o(.text) for __Heap_Full
    heap2mt.o(i._malloc$realtime$concurrent) refers to fdtree.o(i._FDTree_RemoveNode) for _FDTree_RemoveNode
    heap2mt.o(i._malloc$realtime$concurrent) refers to fdtree.o(i._FDTree_Insert) for _FDTree_Insert
    heap2mt.o(i._posix_memalign$realtime$concurrent) refers to rt_heap_descriptor_intlibspace.o(.text) for __rt_heap_descriptor
    heap2mt.o(i._posix_memalign$realtime$concurrent) refers to fdtree.o(i._FDTree_FindFirst) for _FDTree_FindFirst
    heap2mt.o(i._posix_memalign$realtime$concurrent) refers to init_alloc.o(.text) for __Heap_Full
    heap2mt.o(i._posix_memalign$realtime$concurrent) refers to fdtree.o(i._FDTree_RemoveNode) for _FDTree_RemoveNode
    heap2mt.o(i._posix_memalign$realtime$concurrent) refers to fdtree.o(i._FDTree_Insert) for _FDTree_Insert
    heap2mt.o(i._realloc$realtime$concurrent) refers to rt_heap_descriptor_intlibspace.o(.text) for __rt_heap_descriptor
    heap2mt.o(i._realloc$realtime$concurrent) refers to fdtree.o(i._FDTree_Insert) for _FDTree_Insert
    heap2mt.o(i._realloc$realtime$concurrent) refers to h1_free.o(.text) for free
    heap2mt.o(i._realloc$realtime$concurrent) refers to h1_alloc.o(.text) for malloc
    heap2mt.o(i._realloc$realtime$concurrent) refers to fdtree.o(i._FDTree_Delete) for _FDTree_Delete
    heap2mt.o(i._realloc$realtime$concurrent) refers to rt_memcpy_w.o(.text) for __aeabi_memcpy4
    streamlock.o(.data) refers (Special) to initio.o(.text) for _initio
    fopen.o(.text) refers to fclose.o(.text) for _fclose_internal
    fopen.o(.text) refers to sys_io.o(.text) for _sys_open
    fopen.o(.text) refers to fseek.o(.text) for _fseek
    fopen.o(.text) refers to h1_alloc.o(.text) for malloc
    fopen.o(.text) refers to rt_memclr_w.o(.text) for __aeabi_memclr4
    fopen.o(.text) refers to stdio_streams.o(.bss) for __stdin
    fclose.o(.text) refers to stdio.o(.text) for _fflush
    fclose.o(.text) refers to sys_io.o(.text) for _sys_close
    fclose.o(.text) refers to h1_free.o(.text) for free
    fclose.o(.text) refers to rt_memclr_w.o(.text) for __aeabi_memclr4
    fopen_locked.o(.text) refers to fclose.o(.text) for _fclose_internal
    fopen_locked.o(.text) refers to sys_io.o(.text) for _sys_open
    fopen_locked.o(.text) refers to fseek.o(.text) for _fseek
    fopen_locked.o(.text) refers to h1_alloc.o(.text) for malloc
    fopen_locked.o(.text) refers to rt_memclr_w.o(.text) for __aeabi_memclr4
    fopen_locked.o(.text) refers to streamlock.o(.data) for _stream_list_lock
    fopen_locked.o(.text) refers to stdio_streams.o(.bss) for __stdin
    defsig_rtred_outer.o(.text) refers to defsig_rtred_inner.o(.text) for __rt_SIGRTRED_inner
    defsig_rtred_outer.o(.text) refers to defsig_exit.o(.text) for __sig_exit
    defsig_rtred_formal.o(.text) refers to rt_raise.o(.text) for __rt_raise
    libinit2.o(.ARM.Collect$$libinit$$00000005) refers (Weak) to init_alloc.o(.text) for _init_alloc
    libinit2.o(.ARM.Collect$$libinit$$00000010) refers to libinit2.o(.ARM.Collect$$libinit$$0000000F) for .ARM.Collect$$libinit$$0000000F
    libinit2.o(.ARM.Collect$$libinit$$00000012) refers to libinit2.o(.ARM.Collect$$libinit$$0000000F) for .ARM.Collect$$libinit$$0000000F
    libinit2.o(.ARM.Collect$$libinit$$00000014) refers to libinit2.o(.ARM.Collect$$libinit$$0000000F) for .ARM.Collect$$libinit$$0000000F
    libinit2.o(.ARM.Collect$$libinit$$00000016) refers to libinit2.o(.ARM.Collect$$libinit$$0000000F) for .ARM.Collect$$libinit$$0000000F
    libinit2.o(.ARM.Collect$$libinit$$00000018) refers to libinit2.o(.ARM.Collect$$libinit$$0000000F) for .ARM.Collect$$libinit$$0000000F
    libinit2.o(.ARM.Collect$$libinit$$00000024) refers (Weak) to initio.o(.text) for _initio
    libinit2.o(.ARM.Collect$$libinit$$00000026) refers to argv_veneer.o(.emb_text) for __ARM_argv_veneer
    libinit2.o(.ARM.Collect$$libinit$$00000027) refers to argv_veneer.o(.emb_text) for __ARM_argv_veneer
    libshutdown2.o(.ARM.Collect$$libshutdown$$00000005) refers (Weak) to initio.o(.text) for _terminateio
    libshutdown2.o(.ARM.Collect$$libshutdown$$0000000F) refers (Weak) to term_alloc.o(.text) for _terminate_alloc
    sys_stackheap_outer.o(.text) refers to libspace.o(.text) for __user_perproc_libspace
    sys_stackheap_outer.o(.text) refers to sys_stackheap.o(.text) for __user_initial_stackheap
    rt_raise.o(.text) refers to __raise.o(.text) for __raise
    rt_raise.o(.text) refers to sys_exit.o(.text) for _sys_exit
    rt_heap_descriptor.o(.text) refers to rt_heap_descriptor.o(.bss) for __rt_heap_descriptor_data
    rt_heap_descriptor_intlibspace.o(.text) refers to libspace.o(.bss) for __libspace_start
    init_alloc.o(.text) refers (Special) to hguard.o(.text) for __heap$guard
    init_alloc.o(.text) refers (Special) to libinit2.o(.ARM.Collect$$libinit$$00000005) for __rt_lib_init_heap_2
    init_alloc.o(.text) refers (Special) to maybetermalloc1.o(.emb_text) for _maybe_terminate_alloc
    init_alloc.o(.text) refers to heapauxa.o(.text) for __rt_heap_expand
    init_alloc.o(.text) refers to h1_extend.o(.text) for __Heap_ProvideMemory
    init_alloc.o(.text) refers to defsig_rtmem_outer.o(.text) for __rt_SIGRTMEM
    init_alloc.o(.text) refers to rt_heap_descriptor_intlibspace.o(.text) for __rt_heap_descriptor
    init_alloc.o(.text) refers to h1_init.o(.text) for __Heap_Initialize
    malloc.o(.text) refers (Special) to hguard.o(.text) for __heap$guard
    malloc.o(.text) refers (Special) to init_alloc.o(.text) for _init_alloc
    malloc.o(.text) refers to rt_heap_descriptor_intlibspace.o(.text) for __rt_heap_descriptor
    malloc.o(.text) refers to heapstubs.o(.text) for __Heap_Alloc
    h1_alloc.o(.text) refers (Special) to h1_init.o(.text) for __Heap_Initialize
    h1_alloc.o(.text) refers to rt_heap_descriptor_intlibspace.o(.text) for __rt_heap_descriptor
    h1_alloc.o(.text) refers to init_alloc.o(.text) for __Heap_Full
    h1_alloc_mt.o(.text) refers (Special) to h1_init.o(.text) for __Heap_Initialize
    h1_alloc_mt.o(.text) refers to init_alloc.o(.text) for __Heap_Full
    h1_alloc_mt.o(.text) refers to rt_heap_descriptor_intlibspace.o(.text) for __rt_heap_descriptor
    fseek.o(.text) refers to sys_io.o(.text) for _sys_istty
    fseek.o(.text) refers to ftell.o(.text) for _ftell_internal
    fseek.o(.text) refers to stdio.o(.text) for _seterr
    stdio.o(.text) refers to sys_io.o(.text) for _sys_seek
    exit.o(.text) refers to rtexit.o(.ARM.Collect$$rtexit$$00000000) for __rt_exit
    defsig_exit.o(.text) refers to sys_exit.o(.text) for _sys_exit
    defsig_rtred_inner.o(.text) refers to defsig_general.o(.text) for __default_signal_display
    argv_veneer.o(.emb_text) refers to no_argv.o(.text) for __ARM_get_argv
    libinit.o(.ARM.Collect$$libinit$$00000000) refers (Special) to libinit2.o(.ARM.Collect$$libinit$$0000002E) for __rt_lib_init_alloca_1
    libinit.o(.ARM.Collect$$libinit$$00000000) refers (Special) to libinit2.o(.ARM.Collect$$libinit$$0000002C) for __rt_lib_init_argv_1
    libinit.o(.ARM.Collect$$libinit$$00000000) refers (Special) to libinit2.o(.ARM.Collect$$libinit$$0000001B) for __rt_lib_init_atexit_1
    libinit.o(.ARM.Collect$$libinit$$00000000) refers (Special) to libinit2.o(.ARM.Collect$$libinit$$00000021) for __rt_lib_init_clock_1
    libinit.o(.ARM.Collect$$libinit$$00000000) refers (Special) to libinit2.o(.ARM.Collect$$libinit$$00000032) for __rt_lib_init_cpp_1
    libinit.o(.ARM.Collect$$libinit$$00000000) refers (Special) to libinit2.o(.ARM.Collect$$libinit$$00000030) for __rt_lib_init_exceptions_1
    libinit.o(.ARM.Collect$$libinit$$00000000) refers (Special) to libinit2.o(.ARM.Collect$$libinit$$00000002) for __rt_lib_init_fp_1
    libinit.o(.ARM.Collect$$libinit$$00000000) refers (Special) to libinit2.o(.ARM.Collect$$libinit$$0000001F) for __rt_lib_init_fp_trap_1
    libinit.o(.ARM.Collect$$libinit$$00000000) refers (Special) to libinit2.o(.ARM.Collect$$libinit$$00000023) for __rt_lib_init_getenv_1
    libinit.o(.ARM.Collect$$libinit$$00000000) refers (Special) to libinit2.o(.ARM.Collect$$libinit$$0000000A) for __rt_lib_init_heap_1
    libinit.o(.ARM.Collect$$libinit$$00000000) refers (Special) to libinit2.o(.ARM.Collect$$libinit$$00000011) for __rt_lib_init_lc_collate_1
    libinit.o(.ARM.Collect$$libinit$$00000000) refers (Special) to libinit2.o(.ARM.Collect$$libinit$$00000013) for __rt_lib_init_lc_ctype_1
    libinit.o(.ARM.Collect$$libinit$$00000000) refers (Special) to libinit2.o(.ARM.Collect$$libinit$$00000015) for __rt_lib_init_lc_monetary_1
    libinit.o(.ARM.Collect$$libinit$$00000000) refers (Special) to libinit2.o(.ARM.Collect$$libinit$$00000017) for __rt_lib_init_lc_numeric_1
    libinit.o(.ARM.Collect$$libinit$$00000000) refers (Special) to libinit2.o(.ARM.Collect$$libinit$$00000019) for __rt_lib_init_lc_time_1
    libinit.o(.ARM.Collect$$libinit$$00000000) refers (Special) to libinit2.o(.ARM.Collect$$libinit$$00000004) for __rt_lib_init_preinit_1
    libinit.o(.ARM.Collect$$libinit$$00000000) refers (Special) to libinit2.o(.ARM.Collect$$libinit$$0000000E) for __rt_lib_init_rand_1
    libinit.o(.ARM.Collect$$libinit$$00000000) refers (Special) to libinit2.o(.ARM.Collect$$libinit$$00000033) for __rt_lib_init_return
    libinit.o(.ARM.Collect$$libinit$$00000000) refers (Special) to libinit2.o(.ARM.Collect$$libinit$$0000001D) for __rt_lib_init_signal_1
    libinit.o(.ARM.Collect$$libinit$$00000000) refers (Special) to libinit2.o(.ARM.Collect$$libinit$$00000025) for __rt_lib_init_stdio_1
    libinit.o(.ARM.Collect$$libinit$$00000000) refers (Special) to libinit2.o(.ARM.Collect$$libinit$$0000000C) for __rt_lib_init_user_alloc_1
    sys_exit.o(.text) refers (Special) to use_no_semi.o(.text) for __I$use$semihosting
    sys_exit.o(.text) refers (Special) to indicate_semi.o(.text) for __semihosting_library_function
    libspace.o(.text) refers to libspace.o(.bss) for __libspace_start
    sys_stackheap.o(.text) refers (Special) to indicate_semi.o(.text) for __semihosting_library_function
    sys_stackheap.o(.text) refers to use_no_semi.o(.text) for __I$use$semihosting
    rtexit.o(.ARM.Collect$$rtexit$$00000000) refers (Special) to rtexit2.o(.ARM.Collect$$rtexit$$00000004) for __rt_exit_exit
    rtexit.o(.ARM.Collect$$rtexit$$00000000) refers (Special) to rtexit2.o(.ARM.Collect$$rtexit$$00000003) for __rt_exit_ls
    rtexit.o(.ARM.Collect$$rtexit$$00000000) refers (Special) to rtexit2.o(.ARM.Collect$$rtexit$$00000002) for __rt_exit_prels_1
    rtexit.o(.ARM.exidx) refers (Special) to rtexit2.o(.ARM.Collect$$rtexit$$00000004) for __rt_exit_exit
    rtexit.o(.ARM.exidx) refers (Special) to rtexit2.o(.ARM.Collect$$rtexit$$00000003) for __rt_exit_ls
    rtexit.o(.ARM.exidx) refers (Special) to rtexit2.o(.ARM.Collect$$rtexit$$00000002) for __rt_exit_prels_1
    rtexit.o(.ARM.exidx) refers to rtexit.o(.ARM.Collect$$rtexit$$00000000) for .ARM.Collect$$rtexit$$00000000
    maybetermalloc2.o(.emb_text) refers (Special) to term_alloc.o(.text) for _terminate_alloc
    h1_extend.o(.text) refers to h1_free.o(.text) for free
    h1_init_mt.o(.text) refers to mutex_dummy.o(.text) for _mutex_initialize
    h1_extend_mt.o(.text) refers to h1_free_mt.o(.text) for _free_internal
    ftell.o(.text) refers to rt_errno_addr_intlibspace.o(.text) for __aeabi_errno_addr
    __raise.o(.text) refers to defsig.o(CL$$defsig) for __default_signal_handler
    defsig_general.o(.text) refers to sys_wrch.o(.text) for _ttywrch
    defsig_rtmem_outer.o(.text) refers to defsig_rtmem_inner.o(.text) for __rt_SIGRTMEM_inner
    defsig_rtmem_outer.o(.text) refers to defsig_exit.o(.text) for __sig_exit
    defsig_rtmem_formal.o(.text) refers to rt_raise.o(.text) for __rt_raise
    heapauxa.o(.text) refers to heapauxa.o(.data) for .data
    _get_argv.o(.text) refers (Special) to hrguard.o(.text) for __heap_region$guard
    _get_argv.o(.text) refers to h1_alloc.o(.text) for malloc
    _get_argv.o(.text) refers to defsig_rtmem_outer.o(.text) for __rt_SIGRTMEM
    _get_argv.o(.text) refers to sys_command.o(.text) for _sys_command_string
    _get_argv_nomalloc.o(.text) refers (Special) to hrguard.o(.text) for __heap_region$guard
    _get_argv_nomalloc.o(.text) refers to defsig_rtmem_outer.o(.text) for __rt_SIGRTMEM
    _get_argv_nomalloc.o(.text) refers to sys_command.o(.text) for _sys_command_string
    sys_wrch.o(.text) refers (Special) to use_no_semi.o(.text) for __I$use$semihosting
    sys_wrch.o(.text) refers (Special) to indicate_semi.o(.text) for __semihosting_library_function
    sys_command.o(.text) refers (Special) to use_no_semi.o(.text) for __I$use$semihosting
    sys_command.o(.text) refers (Special) to indicate_semi.o(.text) for __semihosting_library_function
    rtexit2.o(.ARM.Collect$$rtexit$$00000003) refers to libshutdown.o(.ARM.Collect$$libshutdown$$00000000) for __rt_lib_shutdown
    rtexit2.o(.ARM.Collect$$rtexit$$00000004) refers to sys_exit.o(.text) for _sys_exit
    rtexit2.o(.ARM.exidx) refers to rtexit2.o(.ARM.Collect$$rtexit$$00000001) for .ARM.Collect$$rtexit$$00000001
    rtexit2.o(.ARM.exidx) refers to rtexit2.o(.ARM.Collect$$rtexit$$00000003) for .ARM.Collect$$rtexit$$00000003
    rtexit2.o(.ARM.exidx) refers to rtexit2.o(.ARM.Collect$$rtexit$$00000004) for .ARM.Collect$$rtexit$$00000004
    rt_errno_addr.o(.text) refers to rt_errno_addr.o(.bss) for __aeabi_errno_addr_data
    rt_errno_addr_intlibspace.o(.text) refers to libspace.o(.bss) for __libspace_start
    term_alloc.o(.text) refers (Special) to libshutdown2.o(.ARM.Collect$$libshutdown$$00000010) for __rt_lib_shutdown_heap_2
    term_alloc.o(.text) refers to rt_heap_descriptor_intlibspace.o(.text) for __rt_heap_descriptor
    term_alloc.o(.text) refers to h1_final.o(.text) for __Heap_Finalize
    defsig_rtmem_inner.o(.text) refers to defsig_general.o(.text) for __default_signal_display
    defsig.o(CL$$defsig) refers to defsig_rtred_inner.o(.text) for __rt_SIGRTRED_inner
    defsig.o(CL$$defsig) refers to defsig_rtmem_inner.o(.text) for __rt_SIGRTMEM_inner
    defsig_abrt_inner.o(.text) refers to defsig_general.o(.text) for __default_signal_display
    defsig_fpe_inner.o(.text) refers to defsig_general.o(.text) for __default_signal_display
    defsig_stak_inner.o(.text) refers to defsig_general.o(.text) for __default_signal_display
    defsig_pvfn_inner.o(.text) refers to defsig_general.o(.text) for __default_signal_display
    defsig_cppl_inner.o(.text) refers to defsig_general.o(.text) for __default_signal_display
    defsig_segv_inner.o(.text) refers to defsig_general.o(.text) for __default_signal_display
    defsig_other.o(.text) refers to defsig_general.o(.text) for __default_signal_display
    libshutdown.o(.ARM.Collect$$libshutdown$$00000000) refers (Special) to libshutdown2.o(.ARM.Collect$$libshutdown$$00000004) for __rt_lib_shutdown_cpp_1
    libshutdown.o(.ARM.Collect$$libshutdown$$00000000) refers (Special) to libshutdown2.o(.ARM.Collect$$libshutdown$$00000002) for __rt_lib_shutdown_fini_1
    libshutdown.o(.ARM.Collect$$libshutdown$$00000000) refers (Special) to libshutdown2.o(.ARM.Collect$$libshutdown$$00000009) for __rt_lib_shutdown_fp_trap_1
    libshutdown.o(.ARM.Collect$$libshutdown$$00000000) refers (Special) to libshutdown2.o(.ARM.Collect$$libshutdown$$00000011) for __rt_lib_shutdown_heap_1
    libshutdown.o(.ARM.Collect$$libshutdown$$00000000) refers (Special) to libshutdown2.o(.ARM.Collect$$libshutdown$$00000012) for __rt_lib_shutdown_return
    libshutdown.o(.ARM.Collect$$libshutdown$$00000000) refers (Special) to libshutdown2.o(.ARM.Collect$$libshutdown$$0000000C) for __rt_lib_shutdown_signal_1
    libshutdown.o(.ARM.Collect$$libshutdown$$00000000) refers (Special) to libshutdown2.o(.ARM.Collect$$libshutdown$$00000006) for __rt_lib_shutdown_stdio_1
    libshutdown.o(.ARM.Collect$$libshutdown$$00000000) refers (Special) to libshutdown2.o(.ARM.Collect$$libshutdown$$0000000E) for __rt_lib_shutdown_user_alloc_1


==============================================================================

Removing Unused input sections from the image.

    Removing main.o(.constdata), (1 bytes).
    Removing sys.o(i.Delay_Tick), (82 bytes).

2 unused section(s) (total 83 bytes) removed from the image.

==============================================================================

Image Symbol Table

    Local Symbols

    Symbol Name                              Value     Ov Type        Size  Object(Section)

    ../clib/angel/boardlib.s                 0x00000000   Number         0  boardshut.o ABSOLUTE
    ../clib/angel/boardlib.s                 0x00000000   Number         0  boardinit1.o ABSOLUTE
    ../clib/angel/boardlib.s                 0x00000000   Number         0  boardinit2.o ABSOLUTE
    ../clib/angel/boardlib.s                 0x00000000   Number         0  boardinit3.o ABSOLUTE
    ../clib/angel/handlers.s                 0x00000000   Number         0  __scatter_zi.o ABSOLUTE
    ../clib/angel/handlers.s                 0x00000000   Number         0  __scatter_copy.o ABSOLUTE
    ../clib/angel/kernel.s                   0x00000000   Number         0  rtexit.o ABSOLUTE
    ../clib/angel/kernel.s                   0x00000000   Number         0  __rtentry4.o ABSOLUTE
    ../clib/angel/kernel.s                   0x00000000   Number         0  __rtentry2.o ABSOLUTE
    ../clib/angel/kernel.s                   0x00000000   Number         0  __rtentry.o ABSOLUTE
    ../clib/angel/kernel.s                   0x00000000   Number         0  rtexit2.o ABSOLUTE
    ../clib/angel/rt.s                       0x00000000   Number         0  rt_errno_addr.o ABSOLUTE
    ../clib/angel/rt.s                       0x00000000   Number         0  rt_raise.o ABSOLUTE
    ../clib/angel/rt.s                       0x00000000   Number         0  rt_heap_descriptor.o ABSOLUTE
    ../clib/angel/rt.s                       0x00000000   Number         0  rt_errno_addr_intlibspace.o ABSOLUTE
    ../clib/angel/rt.s                       0x00000000   Number         0  rt_heap_descriptor_intlibspace.o ABSOLUTE
    ../clib/angel/scatter.s                  0x00000000   Number         0  __scatter.o ABSOLUTE
    ../clib/angel/startup.s                  0x00000000   Number         0  __main.o ABSOLUTE
    ../clib/angel/sys.s                      0x00000000   Number         0  libspace.o ABSOLUTE
    ../clib/angel/sys.s                      0x00000000   Number         0  sys_stackheap.o ABSOLUTE
    ../clib/angel/sys.s                      0x00000000   Number         0  sys_stackheap_outer.o ABSOLUTE
    ../clib/angel/sys.s                      0x00000000   Number         0  use_no_semi.o ABSOLUTE
    ../clib/angel/sys.s                      0x00000000   Number         0  indicate_semi.o ABSOLUTE
    ../clib/angel/sys.s                      0x00000000   Number         0  mutex_dummy.o ABSOLUTE
    ../clib/angel/sysapp.c                   0x00000000   Number         0  sys_io.o ABSOLUTE
    ../clib/angel/sysapp.c                   0x00000000   Number         0  sys_wrch.o ABSOLUTE
    ../clib/angel/sysapp.c                   0x00000000   Number         0  sys_exit.o ABSOLUTE
    ../clib/angel/sysapp.c                   0x00000000   Number         0  sys_command.o ABSOLUTE
    ../clib/armsys.c                         0x00000000   Number         0  no_argv.o ABSOLUTE
    ../clib/armsys.c                         0x00000000   Number         0  argv_veneer.o ABSOLUTE
    ../clib/armsys.c                         0x00000000   Number         0  _get_argv_nomalloc.o ABSOLUTE
    ../clib/armsys.c                         0x00000000   Number         0  _get_argv.o ABSOLUTE
    ../clib/armsys.c                         0x00000000   Number         0  argv_veneer.o ABSOLUTE
    ../clib/heap1.c                          0x00000000   Number         0  h1_init_mt.o ABSOLUTE
    ../clib/heap1.c                          0x00000000   Number         0  h1_free.o ABSOLUTE
    ../clib/heap1.c                          0x00000000   Number         0  h1_final.o ABSOLUTE
    ../clib/heap1.c                          0x00000000   Number         0  h1_extend_mt.o ABSOLUTE
    ../clib/heap1.c                          0x00000000   Number         0  h1_extend.o ABSOLUTE
    ../clib/heap1.c                          0x00000000   Number         0  h1_init.o ABSOLUTE
    ../clib/heap1.c                          0x00000000   Number         0  h1_final_mt.o ABSOLUTE
    ../clib/heap1.c                          0x00000000   Number         0  h1_alloc_mt.o ABSOLUTE
    ../clib/heap1.c                          0x00000000   Number         0  h1_free_mt.o ABSOLUTE
    ../clib/heap1.c                          0x00000000   Number         0  h1_alloc.o ABSOLUTE
    ../clib/heap2.c                          0x00000000   Number         0  heap2.o ABSOLUTE
    ../clib/heap2.c                          0x00000000   Number         0  heap2mt.o ABSOLUTE
    ../clib/heap2.c                          0x00000000   Number         0  fdtree.o ABSOLUTE
    ../clib/heapalloc.c                      0x00000000   Number         0  maybetermalloc1.o ABSOLUTE
    ../clib/heapalloc.c                      0x00000000   Number         0  maybetermalloc1.o ABSOLUTE
    ../clib/heapalloc.c                      0x00000000   Number         0  hrguard.o ABSOLUTE
    ../clib/heapalloc.c                      0x00000000   Number         0  term_alloc.o ABSOLUTE
    ../clib/heapalloc.c                      0x00000000   Number         0  maybetermalloc2.o ABSOLUTE
    ../clib/heapalloc.c                      0x00000000   Number         0  free.o ABSOLUTE
    ../clib/heapalloc.c                      0x00000000   Number         0  heapstubs.o ABSOLUTE
    ../clib/heapalloc.c                      0x00000000   Number         0  malloc.o ABSOLUTE
    ../clib/heapalloc.c                      0x00000000   Number         0  init_alloc.o ABSOLUTE
    ../clib/heapalloc.c                      0x00000000   Number         0  hguard.o ABSOLUTE
    ../clib/heapalloc.c                      0x00000000   Number         0  maybetermalloc2.o ABSOLUTE
    ../clib/heapaux.c                        0x00000000   Number         0  heapauxa.o ABSOLUTE
    ../clib/heapaux.c                        0x00000000   Number         0  heapauxi.o ABSOLUTE
    ../clib/libinit.s                        0x00000000   Number         0  libinit.o ABSOLUTE
    ../clib/libinit.s                        0x00000000   Number         0  libinit2.o ABSOLUTE
    ../clib/libinit.s                        0x00000000   Number         0  libshutdown2.o ABSOLUTE
    ../clib/libinit.s                        0x00000000   Number         0  libshutdown.o ABSOLUTE
    ../clib/memcpset.s                       0x00000000   Number         0  rt_memclr_w.o ABSOLUTE
    ../clib/memcpset.s                       0x00000000   Number         0  rt_memcpy_w.o ABSOLUTE
    ../clib/signal.c                         0x00000000   Number         0  defsig_rtmem_outer.o ABSOLUTE
    ../clib/signal.c                         0x00000000   Number         0  defsig_rtred_inner.o ABSOLUTE
    ../clib/signal.c                         0x00000000   Number         0  defsig_exit.o ABSOLUTE
    ../clib/signal.c                         0x00000000   Number         0  __raise.o ABSOLUTE
    ../clib/signal.c                         0x00000000   Number         0  defsig_general.o ABSOLUTE
    ../clib/signal.c                         0x00000000   Number         0  defsig_segv_inner.o ABSOLUTE
    ../clib/signal.c                         0x00000000   Number         0  defsig_rtred_outer.o ABSOLUTE
    ../clib/signal.c                         0x00000000   Number         0  defsig_rtred_formal.o ABSOLUTE
    ../clib/signal.c                         0x00000000   Number         0  defsig_other.o ABSOLUTE
    ../clib/signal.c                         0x00000000   Number         0  defsig_cppl_inner.o ABSOLUTE
    ../clib/signal.c                         0x00000000   Number         0  defsig_pvfn_inner.o ABSOLUTE
    ../clib/signal.c                         0x00000000   Number         0  defsig_stak_inner.o ABSOLUTE
    ../clib/signal.c                         0x00000000   Number         0  defsig_fpe_inner.o ABSOLUTE
    ../clib/signal.c                         0x00000000   Number         0  defsig_abrt_inner.o ABSOLUTE
    ../clib/signal.c                         0x00000000   Number         0  defsig_rtmem_inner.o ABSOLUTE
    ../clib/signal.c                         0x00000000   Number         0  defsig_rtmem_formal.o ABSOLUTE
    ../clib/signal.s                         0x00000000   Number         0  defsig.o ABSOLUTE
    ../clib/stdio.c                          0x00000000   Number         0  ftell.o ABSOLUTE
    ../clib/stdio.c                          0x00000000   Number         0  streamlock.o ABSOLUTE
    ../clib/stdio.c                          0x00000000   Number         0  fopen.o ABSOLUTE
    ../clib/stdio.c                          0x00000000   Number         0  fclose.o ABSOLUTE
    ../clib/stdio.c                          0x00000000   Number         0  setvbuf_locked.o ABSOLUTE
    ../clib/stdio.c                          0x00000000   Number         0  fopen_locked.o ABSOLUTE
    ../clib/stdio.c                          0x00000000   Number         0  initio_locked.o ABSOLUTE
    ../clib/stdio.c                          0x00000000   Number         0  stdio.o ABSOLUTE
    ../clib/stdio.c                          0x00000000   Number         0  stdio_streams.o ABSOLUTE
    ../clib/stdio.c                          0x00000000   Number         0  initio.o ABSOLUTE
    ../clib/stdio.c                          0x00000000   Number         0  putc.o ABSOLUTE
    ../clib/stdio.c                          0x00000000   Number         0  getc.o ABSOLUTE
    ../clib/stdio.c                          0x00000000   Number         0  setvbuf.o ABSOLUTE
    ../clib/stdio.c                          0x00000000   Number         0  fseek.o ABSOLUTE
    ../clib/stdlib.c                         0x00000000   Number         0  exit.o ABSOLUTE
    ../clib/string.c                         0x00000000   Number         0  strlen.o ABSOLUTE
    ../fplib/fpinit.s                        0x00000000   Number         0  fpinit.o ABSOLUTE
    ..\hardware\uart\uart.c                  0x00000000   Number         0  uart.o ABSOLUTE
    ..\system\sys\sys.c                      0x00000000   Number         0  sys.o ABSOLUTE
    dc.s                                     0x00000000   Number         0  dc.o ABSOLUTE
    main.c                                   0x00000000   Number         0  main.o ABSOLUTE
    start.s                                  0x00000000   Number         0  start.o ABSOLUTE
    RESET                                    0x08000000   Section        8  start.o(RESET)
    !!!main                                  0x08000008   Section        8  __main.o(!!!main)
    !!!scatter                               0x08000010   Section       52  __scatter.o(!!!scatter)
    !!handler_copy                           0x08000044   Section       26  __scatter_copy.o(!!handler_copy)
    !!handler_zi                             0x08000060   Section       28  __scatter_zi.o(!!handler_zi)
    .ARM.Collect$$libinit$$00000000          0x0800007c   Section        2  libinit.o(.ARM.Collect$$libinit$$00000000)
    .ARM.Collect$$libinit$$00000002          0x0800007e   Section        0  libinit2.o(.ARM.Collect$$libinit$$00000002)
    .ARM.Collect$$libinit$$00000004          0x0800007e   Section        0  libinit2.o(.ARM.Collect$$libinit$$00000004)
    .ARM.Collect$$libinit$$00000005          0x0800007e   Section        8  libinit2.o(.ARM.Collect$$libinit$$00000005)
    .ARM.Collect$$libinit$$0000000A          0x08000086   Section        0  libinit2.o(.ARM.Collect$$libinit$$0000000A)
    .ARM.Collect$$libinit$$0000000C          0x08000086   Section        0  libinit2.o(.ARM.Collect$$libinit$$0000000C)
    .ARM.Collect$$libinit$$0000000E          0x08000086   Section        0  libinit2.o(.ARM.Collect$$libinit$$0000000E)
    .ARM.Collect$$libinit$$00000011          0x08000086   Section        0  libinit2.o(.ARM.Collect$$libinit$$00000011)
    .ARM.Collect$$libinit$$00000013          0x08000086   Section        0  libinit2.o(.ARM.Collect$$libinit$$00000013)
    .ARM.Collect$$libinit$$00000015          0x08000086   Section        0  libinit2.o(.ARM.Collect$$libinit$$00000015)
    .ARM.Collect$$libinit$$00000017          0x08000086   Section        0  libinit2.o(.ARM.Collect$$libinit$$00000017)
    .ARM.Collect$$libinit$$00000019          0x08000086   Section        0  libinit2.o(.ARM.Collect$$libinit$$00000019)
    .ARM.Collect$$libinit$$0000001B          0x08000086   Section        0  libinit2.o(.ARM.Collect$$libinit$$0000001B)
    .ARM.Collect$$libinit$$0000001D          0x08000086   Section        0  libinit2.o(.ARM.Collect$$libinit$$0000001D)
    .ARM.Collect$$libinit$$0000001F          0x08000086   Section        0  libinit2.o(.ARM.Collect$$libinit$$0000001F)
    .ARM.Collect$$libinit$$00000021          0x08000086   Section        0  libinit2.o(.ARM.Collect$$libinit$$00000021)
    .ARM.Collect$$libinit$$00000023          0x08000086   Section        0  libinit2.o(.ARM.Collect$$libinit$$00000023)
    .ARM.Collect$$libinit$$00000024          0x08000086   Section        4  libinit2.o(.ARM.Collect$$libinit$$00000024)
    .ARM.Collect$$libinit$$00000025          0x0800008a   Section        0  libinit2.o(.ARM.Collect$$libinit$$00000025)
    .ARM.Collect$$libinit$$0000002C          0x0800008a   Section        0  libinit2.o(.ARM.Collect$$libinit$$0000002C)
    .ARM.Collect$$libinit$$0000002E          0x0800008a   Section        0  libinit2.o(.ARM.Collect$$libinit$$0000002E)
    .ARM.Collect$$libinit$$00000030          0x0800008a   Section        0  libinit2.o(.ARM.Collect$$libinit$$00000030)
    .ARM.Collect$$libinit$$00000032          0x0800008a   Section        0  libinit2.o(.ARM.Collect$$libinit$$00000032)
    .ARM.Collect$$libinit$$00000033          0x0800008a   Section        2  libinit2.o(.ARM.Collect$$libinit$$00000033)
    .ARM.Collect$$libshutdown$$00000000      0x0800008c   Section        2  libshutdown.o(.ARM.Collect$$libshutdown$$00000000)
    .ARM.Collect$$libshutdown$$00000002      0x0800008e   Section        0  libshutdown2.o(.ARM.Collect$$libshutdown$$00000002)
    .ARM.Collect$$libshutdown$$00000004      0x0800008e   Section        0  libshutdown2.o(.ARM.Collect$$libshutdown$$00000004)
    .ARM.Collect$$libshutdown$$00000005      0x0800008e   Section        4  libshutdown2.o(.ARM.Collect$$libshutdown$$00000005)
    .ARM.Collect$$libshutdown$$00000006      0x08000092   Section        0  libshutdown2.o(.ARM.Collect$$libshutdown$$00000006)
    .ARM.Collect$$libshutdown$$00000009      0x08000092   Section        0  libshutdown2.o(.ARM.Collect$$libshutdown$$00000009)
    .ARM.Collect$$libshutdown$$0000000C      0x08000092   Section        0  libshutdown2.o(.ARM.Collect$$libshutdown$$0000000C)
    .ARM.Collect$$libshutdown$$0000000E      0x08000092   Section        0  libshutdown2.o(.ARM.Collect$$libshutdown$$0000000E)
    .ARM.Collect$$libshutdown$$00000011      0x08000092   Section        0  libshutdown2.o(.ARM.Collect$$libshutdown$$00000011)
    .ARM.Collect$$libshutdown$$00000012      0x08000092   Section        2  libshutdown2.o(.ARM.Collect$$libshutdown$$00000012)
    .ARM.Collect$$rtentry$$00000000          0x08000094   Section        0  __rtentry.o(.ARM.Collect$$rtentry$$00000000)
    .ARM.Collect$$rtentry$$00000002          0x08000094   Section        0  __rtentry2.o(.ARM.Collect$$rtentry$$00000002)
    .ARM.Collect$$rtentry$$00000004          0x08000094   Section        6  __rtentry4.o(.ARM.Collect$$rtentry$$00000004)
    .ARM.Collect$$rtentry$$00000009          0x0800009a   Section        0  __rtentry2.o(.ARM.Collect$$rtentry$$00000009)
    .ARM.Collect$$rtentry$$0000000A          0x0800009a   Section        4  __rtentry2.o(.ARM.Collect$$rtentry$$0000000A)
    .ARM.Collect$$rtentry$$0000000C          0x0800009e   Section        0  __rtentry2.o(.ARM.Collect$$rtentry$$0000000C)
    .ARM.Collect$$rtentry$$0000000D          0x0800009e   Section        8  __rtentry2.o(.ARM.Collect$$rtentry$$0000000D)
    .ARM.Collect$$rtexit$$00000000           0x080000a6   Section        2  rtexit.o(.ARM.Collect$$rtexit$$00000000)
    .ARM.Collect$$rtexit$$00000002           0x080000a8   Section        0  rtexit2.o(.ARM.Collect$$rtexit$$00000002)
    .ARM.Collect$$rtexit$$00000003           0x080000a8   Section        4  rtexit2.o(.ARM.Collect$$rtexit$$00000003)
    .ARM.Collect$$rtexit$$00000004           0x080000ac   Section        6  rtexit2.o(.ARM.Collect$$rtexit$$00000004)
    .emb_text                                0x080000b4   Section        0  maybetermalloc1.o(.emb_text)
    .text                                    0x080000b4   Section       12  start.o(.text)
    .text                                    0x080000c0   Section        0  getc.o(.text)
    .text                                    0x080000c4   Section        0  putc.o(.text)
    .text                                    0x080000c8   Section        0  initio.o(.text)
    .text                                    0x08000200   Section        0  sys_io.o(.text)
    .text                                    0x08000266   Section        0  h1_free.o(.text)
    .text                                    0x080002b4   Section        0  setvbuf.o(.text)
    .text                                    0x080002fc   Section        0  fopen.o(.text)
    _freopen_locked                          0x080002fd   Thumb Code     0  fopen.o(.text)
    .text                                    0x080003e8   Section        0  fclose.o(.text)
    .text                                    0x08000434   Section        0  defsig_rtred_outer.o(.text)
    .text                                    0x08000442   Section       78  rt_memclr_w.o(.text)
    .text                                    0x08000490   Section        2  use_no_semi.o(.text)
    .text                                    0x08000492   Section       74  sys_stackheap_outer.o(.text)
    .text                                    0x08000492   Section        0  indicate_semi.o(.text)
    .text                                    0x080004dc   Section        8  rt_heap_descriptor_intlibspace.o(.text)
    .text                                    0x080004e4   Section        0  hguard.o(.text)
    .text                                    0x080004e8   Section        0  init_alloc.o(.text)
    .text                                    0x08000572   Section        0  h1_alloc.o(.text)
    .text                                    0x080005d0   Section        0  fseek.o(.text)
    .text                                    0x080006c8   Section        0  stdio.o(.text)
    .text                                    0x080007b8   Section        0  exit.o(.text)
    .text                                    0x080007ca   Section        0  defsig_exit.o(.text)
    .text                                    0x080007d4   Section        0  defsig_rtred_inner.o(.text)
    .text                                    0x08000808   Section        0  strlen.o(.text)
    .text                                    0x08000848   Section        0  sys_exit.o(.text)
    .text                                    0x08000854   Section        8  libspace.o(.text)
    .text                                    0x0800085c   Section       48  sys_stackheap.o(.text)
    .text                                    0x0800088c   Section        0  h1_init.o(.text)
    .text                                    0x0800089a   Section        0  h1_extend.o(.text)
    .text                                    0x080008ce   Section        0  ftell.o(.text)
    .text                                    0x08000910   Section        0  defsig_general.o(.text)
    .text                                    0x08000942   Section        0  defsig_rtmem_outer.o(.text)
    .text                                    0x08000950   Section        0  heapauxa.o(.text)
    .text                                    0x080009a0   Section        0  sys_wrch.o(.text)
    .text                                    0x080009b0   Section        8  rt_errno_addr_intlibspace.o(.text)
    .text                                    0x080009b8   Section        0  defsig_rtmem_inner.o(.text)
    i.GPIO_SET                               0x08000a08   Section        0  sys.o(i.GPIO_SET)
    i.Inital_Uart1                           0x08000a94   Section        0  uart.o(i.Inital_Uart1)
    i.Receive_Byte                           0x08000af8   Section        0  uart.o(i.Receive_Byte)
    i.Receive_Data                           0x08000b30   Section        0  uart.o(i.Receive_Data)
    i.Send_Byte                              0x08000b60   Section        0  uart.o(i.Send_Byte)
    i.Send_Data                              0x08000b7c   Section        0  uart.o(i.Send_Data)
    i.System_Clock_Init                      0x08000bc8   Section        0  sys.o(i.System_Clock_Init)
    i.System_Clock_Set                       0x08000c10   Section        0  sys.o(i.System_Clock_Set)
    i.fgetc                                  0x08000cbc   Section        0  uart.o(i.fgetc)
    i.fputc                                  0x08000cd6   Section        0  uart.o(i.fputc)
    i.main                                   0x08000ce8   Section        0  main.o(i.main)
    .constdata                               0x08000d40   Section        4  sys_io.o(.constdata)
    .constdata                               0x08000d44   Section        4  sys_io.o(.constdata)
    .constdata                               0x08000d48   Section        4  sys_io.o(.constdata)
    .data                                    0x20000000   Section       12  main.o(.data)
    .data                                    0x2000000c   Section        4  stdio_streams.o(.data)
    .data                                    0x20000010   Section        4  stdio_streams.o(.data)
    .data                                    0x20000014   Section        4  stdio_streams.o(.data)
    .data                                    0x20000018   Section        4  heapauxa.o(.data)
    __rt_heap_escrow_base                    0x20000018   Data           4  heapauxa.o(.data)
    .bss                                     0x2000001c   Section       84  stdio_streams.o(.bss)
    .bss                                     0x20000070   Section       84  stdio_streams.o(.bss)
    .bss                                     0x200000c4   Section       84  stdio_streams.o(.bss)
    .bss                                     0x20000118   Section       96  libspace.o(.bss)

    Global Symbols

    Symbol Name                              Value     Ov Type        Size  Object(Section)

    BuildAttributes$$THM_ISAv4$P$D$K$B$S$PE$A:L22UL41UL21$X:L11$S22US41US21$IEEE1$IW$USESV6$~STKCKD$USESV7$~SHL$OTIME$ROPI$EBA8$UX$STANDARDLIB$REQ8$PRES8$EABIv2 0x00000000   Number         0  anon$$obj.o ABSOLUTE
    __ARM_use_no_argv                        0x00000000   Number         0  main.o ABSOLUTE
    __ARM_exceptions_init                     - Undefined Weak Reference
    __alloca_initialize                       - Undefined Weak Reference
    __arm_fini_                               - Undefined Weak Reference
    __arm_preinit_                            - Undefined Weak Reference
    __cpp_initialize__aeabi_                  - Undefined Weak Reference
    __cxa_finalize                            - Undefined Weak Reference
    __rt_locale                               - Undefined Weak Reference
    __sigvec_lookup                           - Undefined Weak Reference
    __user_heap_extent                        - Undefined Weak Reference
    _atexit_init                              - Undefined Weak Reference
    _call_atexit_fns                          - Undefined Weak Reference
    _clock_init                               - Undefined Weak Reference
    _fp_trap_init                             - Undefined Weak Reference
    _fp_trap_shutdown                         - Undefined Weak Reference
    _get_lc_collate                           - Undefined Weak Reference
    _get_lc_ctype                             - Undefined Weak Reference
    _get_lc_monetary                          - Undefined Weak Reference
    _get_lc_numeric                           - Undefined Weak Reference
    _get_lc_time                              - Undefined Weak Reference
    _getenv_init                              - Undefined Weak Reference
    _handle_redirection                       - Undefined Weak Reference
    _mutex_acquire                            - Undefined Weak Reference
    _mutex_free                               - Undefined Weak Reference
    _mutex_release                            - Undefined Weak Reference
    _rand_init                                - Undefined Weak Reference
    _signal_finish                            - Undefined Weak Reference
    _signal_init                              - Undefined Weak Reference
    __Vectors                                0x08000000   Data           4  start.o(RESET)
    __main                                   0x08000009   Thumb Code     8  __main.o(!!!main)
    __scatterload                            0x08000011   Thumb Code     0  __scatter.o(!!!scatter)
    __scatterload_rt2                        0x08000011   Thumb Code    44  __scatter.o(!!!scatter)
    __scatterload_rt2_thumb_only             0x08000011   Thumb Code     0  __scatter.o(!!!scatter)
    __scatterload_null                       0x0800001f   Thumb Code     0  __scatter.o(!!!scatter)
    __scatterload_copy                       0x08000045   Thumb Code    26  __scatter_copy.o(!!handler_copy)
    __scatterload_zeroinit                   0x08000061   Thumb Code    28  __scatter_zi.o(!!handler_zi)
    __rt_lib_init                            0x0800007d   Thumb Code     0  libinit.o(.ARM.Collect$$libinit$$00000000)
    __rt_lib_init_fp_1                       0x0800007f   Thumb Code     0  libinit2.o(.ARM.Collect$$libinit$$00000002)
    __rt_lib_init_heap_2                     0x0800007f   Thumb Code     0  libinit2.o(.ARM.Collect$$libinit$$00000005)
    __rt_lib_init_preinit_1                  0x0800007f   Thumb Code     0  libinit2.o(.ARM.Collect$$libinit$$00000004)
    __rt_lib_init_atexit_1                   0x08000087   Thumb Code     0  libinit2.o(.ARM.Collect$$libinit$$0000001B)
    __rt_lib_init_clock_1                    0x08000087   Thumb Code     0  libinit2.o(.ARM.Collect$$libinit$$00000021)
    __rt_lib_init_fp_trap_1                  0x08000087   Thumb Code     0  libinit2.o(.ARM.Collect$$libinit$$0000001F)
    __rt_lib_init_getenv_1                   0x08000087   Thumb Code     0  libinit2.o(.ARM.Collect$$libinit$$00000023)
    __rt_lib_init_heap_1                     0x08000087   Thumb Code     0  libinit2.o(.ARM.Collect$$libinit$$0000000A)
    __rt_lib_init_lc_collate_1               0x08000087   Thumb Code     0  libinit2.o(.ARM.Collect$$libinit$$00000011)
    __rt_lib_init_lc_ctype_1                 0x08000087   Thumb Code     0  libinit2.o(.ARM.Collect$$libinit$$00000013)
    __rt_lib_init_lc_monetary_1              0x08000087   Thumb Code     0  libinit2.o(.ARM.Collect$$libinit$$00000015)
    __rt_lib_init_lc_numeric_1               0x08000087   Thumb Code     0  libinit2.o(.ARM.Collect$$libinit$$00000017)
    __rt_lib_init_lc_time_1                  0x08000087   Thumb Code     0  libinit2.o(.ARM.Collect$$libinit$$00000019)
    __rt_lib_init_rand_1                     0x08000087   Thumb Code     0  libinit2.o(.ARM.Collect$$libinit$$0000000E)
    __rt_lib_init_signal_1                   0x08000087   Thumb Code     0  libinit2.o(.ARM.Collect$$libinit$$0000001D)
    __rt_lib_init_stdio_2                    0x08000087   Thumb Code     0  libinit2.o(.ARM.Collect$$libinit$$00000024)
    __rt_lib_init_user_alloc_1               0x08000087   Thumb Code     0  libinit2.o(.ARM.Collect$$libinit$$0000000C)
    __rt_lib_init_alloca_1                   0x0800008b   Thumb Code     0  libinit2.o(.ARM.Collect$$libinit$$0000002E)
    __rt_lib_init_argv_1                     0x0800008b   Thumb Code     0  libinit2.o(.ARM.Collect$$libinit$$0000002C)
    __rt_lib_init_cpp_1                      0x0800008b   Thumb Code     0  libinit2.o(.ARM.Collect$$libinit$$00000032)
    __rt_lib_init_exceptions_1               0x0800008b   Thumb Code     0  libinit2.o(.ARM.Collect$$libinit$$00000030)
    __rt_lib_init_return                     0x0800008b   Thumb Code     0  libinit2.o(.ARM.Collect$$libinit$$00000033)
    __rt_lib_init_stdio_1                    0x0800008b   Thumb Code     0  libinit2.o(.ARM.Collect$$libinit$$00000025)
    __rt_lib_shutdown                        0x0800008d   Thumb Code     0  libshutdown.o(.ARM.Collect$$libshutdown$$00000000)
    __rt_lib_shutdown_cpp_1                  0x0800008f   Thumb Code     0  libshutdown2.o(.ARM.Collect$$libshutdown$$00000004)
    __rt_lib_shutdown_fini_1                 0x0800008f   Thumb Code     0  libshutdown2.o(.ARM.Collect$$libshutdown$$00000002)
    __rt_lib_shutdown_stdio_2                0x0800008f   Thumb Code     0  libshutdown2.o(.ARM.Collect$$libshutdown$$00000005)
    __rt_lib_shutdown_fp_trap_1              0x08000093   Thumb Code     0  libshutdown2.o(.ARM.Collect$$libshutdown$$00000009)
    __rt_lib_shutdown_heap_1                 0x08000093   Thumb Code     0  libshutdown2.o(.ARM.Collect$$libshutdown$$00000011)
    __rt_lib_shutdown_return                 0x08000093   Thumb Code     0  libshutdown2.o(.ARM.Collect$$libshutdown$$00000012)
    __rt_lib_shutdown_signal_1               0x08000093   Thumb Code     0  libshutdown2.o(.ARM.Collect$$libshutdown$$0000000C)
    __rt_lib_shutdown_stdio_1                0x08000093   Thumb Code     0  libshutdown2.o(.ARM.Collect$$libshutdown$$00000006)
    __rt_lib_shutdown_user_alloc_1           0x08000093   Thumb Code     0  libshutdown2.o(.ARM.Collect$$libshutdown$$0000000E)
    __rt_entry                               0x08000095   Thumb Code     0  __rtentry.o(.ARM.Collect$$rtentry$$00000000)
    __rt_entry_presh_1                       0x08000095   Thumb Code     0  __rtentry2.o(.ARM.Collect$$rtentry$$00000002)
    __rt_entry_sh                            0x08000095   Thumb Code     0  __rtentry4.o(.ARM.Collect$$rtentry$$00000004)
    __rt_entry_li                            0x0800009b   Thumb Code     0  __rtentry2.o(.ARM.Collect$$rtentry$$0000000A)
    __rt_entry_postsh_1                      0x0800009b   Thumb Code     0  __rtentry2.o(.ARM.Collect$$rtentry$$00000009)
    __rt_entry_main                          0x0800009f   Thumb Code     0  __rtentry2.o(.ARM.Collect$$rtentry$$0000000D)
    __rt_entry_postli_1                      0x0800009f   Thumb Code     0  __rtentry2.o(.ARM.Collect$$rtentry$$0000000C)
    __rt_exit                                0x080000a7   Thumb Code     0  rtexit.o(.ARM.Collect$$rtexit$$00000000)
    __rt_exit_ls                             0x080000a9   Thumb Code     0  rtexit2.o(.ARM.Collect$$rtexit$$00000003)
    __rt_exit_prels_1                        0x080000a9   Thumb Code     0  rtexit2.o(.ARM.Collect$$rtexit$$00000002)
    __rt_exit_exit                           0x080000ad   Thumb Code     0  rtexit2.o(.ARM.Collect$$rtexit$$00000004)
    Reset_Handler                            0x080000b5   Thumb Code     8  start.o(.text)
    _maybe_terminate_alloc                   0x080000b5   Thumb Code     0  maybetermalloc1.o(.emb_text)
    getc                                     0x080000c1   Thumb Code     4  getc.o(.text)
    putc                                     0x080000c5   Thumb Code     4  putc.o(.text)
    _initio                                  0x080000c9   Thumb Code   210  initio.o(.text)
    _terminateio                             0x0800019b   Thumb Code    56  initio.o(.text)
    _sys_open                                0x08000201   Thumb Code    20  sys_io.o(.text)
    _sys_close                               0x08000215   Thumb Code    12  sys_io.o(.text)
    _sys_write                               0x08000221   Thumb Code    16  sys_io.o(.text)
    _sys_read                                0x08000231   Thumb Code    14  sys_io.o(.text)
    _sys_istty                               0x0800023f   Thumb Code    12  sys_io.o(.text)
    _sys_seek                                0x0800024b   Thumb Code    14  sys_io.o(.text)
    _sys_ensure                              0x08000259   Thumb Code     2  sys_io.o(.text)
    _sys_flen                                0x0800025b   Thumb Code    12  sys_io.o(.text)
    free                                     0x08000267   Thumb Code    78  h1_free.o(.text)
    setvbuf                                  0x080002b5   Thumb Code    70  setvbuf.o(.text)
    freopen                                  0x080002fd   Thumb Code   158  fopen.o(.text)
    fopen                                    0x0800039b   Thumb Code    74  fopen.o(.text)
    _fclose_internal                         0x080003e9   Thumb Code    76  fclose.o(.text)
    fclose                                   0x080003e9   Thumb Code     0  fclose.o(.text)
    __rt_SIGRTRED                            0x08000435   Thumb Code    14  defsig_rtred_outer.o(.text)
    __aeabi_memclr4                          0x08000443   Thumb Code     0  rt_memclr_w.o(.text)
    __aeabi_memclr8                          0x08000443   Thumb Code     0  rt_memclr_w.o(.text)
    __rt_memclr_w                            0x08000443   Thumb Code    78  rt_memclr_w.o(.text)
    _memset_w                                0x08000447   Thumb Code     0  rt_memclr_w.o(.text)
    __I$use$semihosting                      0x08000491   Thumb Code     0  use_no_semi.o(.text)
    __use_no_semihosting_swi                 0x08000491   Thumb Code     2  use_no_semi.o(.text)
    __semihosting_library_function           0x08000493   Thumb Code     0  indicate_semi.o(.text)
    __user_setup_stackheap                   0x08000493   Thumb Code    74  sys_stackheap_outer.o(.text)
    __rt_heap_descriptor                     0x080004dd   Thumb Code     8  rt_heap_descriptor_intlibspace.o(.text)
    __use_no_heap                            0x080004e5   Thumb Code     2  hguard.o(.text)
    __heap$guard                             0x080004e7   Thumb Code     2  hguard.o(.text)
    _terminate_user_alloc                    0x080004e9   Thumb Code     2  init_alloc.o(.text)
    _init_user_alloc                         0x080004eb   Thumb Code     2  init_alloc.o(.text)
    __Heap_Full                              0x080004ed   Thumb Code    34  init_alloc.o(.text)
    __Heap_Broken                            0x0800050f   Thumb Code     6  init_alloc.o(.text)
    _init_alloc                              0x08000515   Thumb Code    94  init_alloc.o(.text)
    malloc                                   0x08000573   Thumb Code    94  h1_alloc.o(.text)
    _fseek                                   0x080005d1   Thumb Code   242  fseek.o(.text)
    fseek                                    0x080005d1   Thumb Code     0  fseek.o(.text)
    _seterr                                  0x080006c9   Thumb Code    20  stdio.o(.text)
    _writebuf                                0x080006dd   Thumb Code    84  stdio.o(.text)
    _fflush                                  0x08000731   Thumb Code    70  stdio.o(.text)
    _deferredlazyseek                        0x08000777   Thumb Code    60  stdio.o(.text)
    exit                                     0x080007b9   Thumb Code    18  exit.o(.text)
    __sig_exit                               0x080007cb   Thumb Code    10  defsig_exit.o(.text)
    __rt_SIGRTRED_inner                      0x080007d5   Thumb Code    14  defsig_rtred_inner.o(.text)
    strlen                                   0x08000809   Thumb Code    62  strlen.o(.text)
    _sys_exit                                0x08000849   Thumb Code     8  sys_exit.o(.text)
    __user_libspace                          0x08000855   Thumb Code     8  libspace.o(.text)
    __user_perproc_libspace                  0x08000855   Thumb Code     0  libspace.o(.text)
    __user_perthread_libspace                0x08000855   Thumb Code     0  libspace.o(.text)
    __user_initial_stackheap                 0x0800085d   Thumb Code    48  sys_stackheap.o(.text)
    _RW_Limit                                0x08000888   Data           0  sys_stackheap.o(.text)
    __Heap_Initialize                        0x0800088d   Thumb Code    10  h1_init.o(.text)
    __Heap_DescSize                          0x08000897   Thumb Code     4  h1_init.o(.text)
    __Heap_ProvideMemory                     0x0800089b   Thumb Code    52  h1_extend.o(.text)
    _ftell_internal                          0x080008cf   Thumb Code    66  ftell.o(.text)
    ftell                                    0x080008cf   Thumb Code     0  ftell.o(.text)
    __default_signal_display                 0x08000911   Thumb Code    50  defsig_general.o(.text)
    __rt_SIGRTMEM                            0x08000943   Thumb Code    14  defsig_rtmem_outer.o(.text)
    __rt_heap_escrow                         0x08000951   Thumb Code    22  heapauxa.o(.text)
    __rt_heap_expand                         0x08000967   Thumb Code    52  heapauxa.o(.text)
    _ttywrch                                 0x080009a1   Thumb Code    14  sys_wrch.o(.text)
    __aeabi_errno_addr                       0x080009b1   Thumb Code     8  rt_errno_addr_intlibspace.o(.text)
    __errno$intlibspace                      0x080009b1   Thumb Code     0  rt_errno_addr_intlibspace.o(.text)
    __rt_errno_addr$intlibspace              0x080009b1   Thumb Code     0  rt_errno_addr_intlibspace.o(.text)
    __rt_SIGRTMEM_inner                      0x080009b9   Thumb Code    22  defsig_rtmem_inner.o(.text)
    GPIO_SET                                 0x08000a09   Thumb Code   138  sys.o(i.GPIO_SET)
    Inital_Uart1                             0x08000a95   Thumb Code    88  uart.o(i.Inital_Uart1)
    Receive_Byte                             0x08000af9   Thumb Code    52  uart.o(i.Receive_Byte)
    Receive_Data                             0x08000b31   Thumb Code    42  uart.o(i.Receive_Data)
    Send_Byte                                0x08000b61   Thumb Code    22  uart.o(i.Send_Byte)
    Send_Data                                0x08000b7d   Thumb Code    70  uart.o(i.Send_Data)
    System_Clock_Init                        0x08000bc9   Thumb Code    62  sys.o(i.System_Clock_Init)
    System_Clock_Set                         0x08000c11   Thumb Code   164  sys.o(i.System_Clock_Set)
    fgetc                                    0x08000cbd   Thumb Code    26  uart.o(i.fgetc)
    fputc                                    0x08000cd7   Thumb Code    16  uart.o(i.fputc)
    main                                     0x08000ce9   Thumb Code    74  main.o(i.main)
    __stdin_name                             0x08000d40   Data           4  sys_io.o(.constdata)
    __stdout_name                            0x08000d44   Data           4  sys_io.o(.constdata)
    __stderr_name                            0x08000d48   Data           4  sys_io.o(.constdata)
    Region$$Table$$Base                      0x08000d4c   Number         0  anon$$obj.o(Region$$Table)
    Region$$Table$$Limit                     0x08000d6c   Number         0  anon$$obj.o(Region$$Table)
    g_Char                                   0x20000000   Data           1  main.o(.data)
    g_A                                      0x20000004   Data           4  main.o(.data)
    g_B                                      0x20000008   Data           4  main.o(.data)
    __aeabi_stdin                            0x2000000c   Data           4  stdio_streams.o(.data)
    __aeabi_stdout                           0x20000010   Data           4  stdio_streams.o(.data)
    __aeabi_stderr                           0x20000014   Data           4  stdio_streams.o(.data)
    __stdin                                  0x2000001c   Data          84  stdio_streams.o(.bss)
    __stdout                                 0x20000070   Data          84  stdio_streams.o(.bss)
    __stderr                                 0x200000c4   Data          84  stdio_streams.o(.bss)
    __libspace_start                         0x20000118   Data          96  libspace.o(.bss)
    Image$$ZI$$Limit                         0x20000178   Number         0  anon$$obj.o ABSOLUTE
    __temporary_stack_top$libspace           0x20000178   Data           0  libspace.o(.bss)



==============================================================================

Memory Map of the image

  Image Entry point : 0x080000b5

  Load Region LR_1 (Base: 0x08000000, Size: 0x00000d88, Max: 0xffffffff, ABSOLUTE)

    Execution Region ER_RO (Exec base: 0x08000000, Load base: 0x08000000, Size: 0x00000d6c, Max: 0xffffffff, ABSOLUTE)

    Exec Addr    Load Addr    Size         Type   Attr      Idx    E Section Name        Object

    0x08000000   0x08000000   0x00000008   Data   RO           32    RESET               start.o
    0x08000008   0x08000008   0x00000008   Code   RO          135  * !!!main             c_w.l(__main.o)
    0x08000010   0x08000010   0x00000034   Code   RO          445    !!!scatter          c_w.l(__scatter.o)
    0x08000044   0x08000044   0x0000001a   Code   RO          447    !!handler_copy      c_w.l(__scatter_copy.o)
    0x0800005e   0x0800005e   0x00000002   PAD
    0x08000060   0x08000060   0x0000001c   Code   RO          449    !!handler_zi        c_w.l(__scatter_zi.o)
    0x0800007c   0x0800007c   0x00000002   Code   RO          355    .ARM.Collect$$libinit$$00000000  c_w.l(libinit.o)
    0x0800007e   0x0800007e   0x00000000   Code   RO          238    .ARM.Collect$$libinit$$00000002  c_w.l(libinit2.o)
    0x0800007e   0x0800007e   0x00000000   Code   RO          240    .ARM.Collect$$libinit$$00000004  c_w.l(libinit2.o)
    0x0800007e   0x0800007e   0x00000008   Code   RO          241    .ARM.Collect$$libinit$$00000005  c_w.l(libinit2.o)
    0x08000086   0x08000086   0x00000000   Code   RO          243    .ARM.Collect$$libinit$$0000000A  c_w.l(libinit2.o)
    0x08000086   0x08000086   0x00000000   Code   RO          245    .ARM.Collect$$libinit$$0000000C  c_w.l(libinit2.o)
    0x08000086   0x08000086   0x00000000   Code   RO          247    .ARM.Collect$$libinit$$0000000E  c_w.l(libinit2.o)
    0x08000086   0x08000086   0x00000000   Code   RO          250    .ARM.Collect$$libinit$$00000011  c_w.l(libinit2.o)
    0x08000086   0x08000086   0x00000000   Code   RO          252    .ARM.Collect$$libinit$$00000013  c_w.l(libinit2.o)
    0x08000086   0x08000086   0x00000000   Code   RO          254    .ARM.Collect$$libinit$$00000015  c_w.l(libinit2.o)
    0x08000086   0x08000086   0x00000000   Code   RO          256    .ARM.Collect$$libinit$$00000017  c_w.l(libinit2.o)
    0x08000086   0x08000086   0x00000000   Code   RO          258    .ARM.Collect$$libinit$$00000019  c_w.l(libinit2.o)
    0x08000086   0x08000086   0x00000000   Code   RO          260    .ARM.Collect$$libinit$$0000001B  c_w.l(libinit2.o)
    0x08000086   0x08000086   0x00000000   Code   RO          262    .ARM.Collect$$libinit$$0000001D  c_w.l(libinit2.o)
    0x08000086   0x08000086   0x00000000   Code   RO          264    .ARM.Collect$$libinit$$0000001F  c_w.l(libinit2.o)
    0x08000086   0x08000086   0x00000000   Code   RO          266    .ARM.Collect$$libinit$$00000021  c_w.l(libinit2.o)
    0x08000086   0x08000086   0x00000000   Code   RO          268    .ARM.Collect$$libinit$$00000023  c_w.l(libinit2.o)
    0x08000086   0x08000086   0x00000004   Code   RO          269    .ARM.Collect$$libinit$$00000024  c_w.l(libinit2.o)
    0x0800008a   0x0800008a   0x00000000   Code   RO          270    .ARM.Collect$$libinit$$00000025  c_w.l(libinit2.o)
    0x0800008a   0x0800008a   0x00000000   Code   RO          274    .ARM.Collect$$libinit$$0000002C  c_w.l(libinit2.o)
    0x0800008a   0x0800008a   0x00000000   Code   RO          276    .ARM.Collect$$libinit$$0000002E  c_w.l(libinit2.o)
    0x0800008a   0x0800008a   0x00000000   Code   RO          278    .ARM.Collect$$libinit$$00000030  c_w.l(libinit2.o)
    0x0800008a   0x0800008a   0x00000000   Code   RO          280    .ARM.Collect$$libinit$$00000032  c_w.l(libinit2.o)
    0x0800008a   0x0800008a   0x00000002   Code   RO          281    .ARM.Collect$$libinit$$00000033  c_w.l(libinit2.o)
    0x0800008c   0x0800008c   0x00000002   Code   RO          442    .ARM.Collect$$libshutdown$$00000000  c_w.l(libshutdown.o)
    0x0800008e   0x0800008e   0x00000000   Code   RO          283    .ARM.Collect$$libshutdown$$00000002  c_w.l(libshutdown2.o)
    0x0800008e   0x0800008e   0x00000000   Code   RO          285    .ARM.Collect$$libshutdown$$00000004  c_w.l(libshutdown2.o)
    0x0800008e   0x0800008e   0x00000004   Code   RO          286    .ARM.Collect$$libshutdown$$00000005  c_w.l(libshutdown2.o)
    0x08000092   0x08000092   0x00000000   Code   RO          287    .ARM.Collect$$libshutdown$$00000006  c_w.l(libshutdown2.o)
    0x08000092   0x08000092   0x00000000   Code   RO          290    .ARM.Collect$$libshutdown$$00000009  c_w.l(libshutdown2.o)
    0x08000092   0x08000092   0x00000000   Code   RO          293    .ARM.Collect$$libshutdown$$0000000C  c_w.l(libshutdown2.o)
    0x08000092   0x08000092   0x00000000   Code   RO          295    .ARM.Collect$$libshutdown$$0000000E  c_w.l(libshutdown2.o)
    0x08000092   0x08000092   0x00000000   Code   RO          298    .ARM.Collect$$libshutdown$$00000011  c_w.l(libshutdown2.o)
    0x08000092   0x08000092   0x00000002   Code   RO          299    .ARM.Collect$$libshutdown$$00000012  c_w.l(libshutdown2.o)
    0x08000094   0x08000094   0x00000000   Code   RO          137    .ARM.Collect$$rtentry$$00000000  c_w.l(__rtentry.o)
    0x08000094   0x08000094   0x00000000   Code   RO          150    .ARM.Collect$$rtentry$$00000002  c_w.l(__rtentry2.o)
    0x08000094   0x08000094   0x00000006   Code   RO          162    .ARM.Collect$$rtentry$$00000004  c_w.l(__rtentry4.o)
    0x0800009a   0x0800009a   0x00000000   Code   RO          152    .ARM.Collect$$rtentry$$00000009  c_w.l(__rtentry2.o)
    0x0800009a   0x0800009a   0x00000004   Code   RO          153    .ARM.Collect$$rtentry$$0000000A  c_w.l(__rtentry2.o)
    0x0800009e   0x0800009e   0x00000000   Code   RO          155    .ARM.Collect$$rtentry$$0000000C  c_w.l(__rtentry2.o)
    0x0800009e   0x0800009e   0x00000008   Code   RO          156    .ARM.Collect$$rtentry$$0000000D  c_w.l(__rtentry2.o)
    0x080000a6   0x080000a6   0x00000002   Code   RO          365    .ARM.Collect$$rtexit$$00000000  c_w.l(rtexit.o)
    0x080000a8   0x080000a8   0x00000000   Code   RO          403    .ARM.Collect$$rtexit$$00000002  c_w.l(rtexit2.o)
    0x080000a8   0x080000a8   0x00000004   Code   RO          404    .ARM.Collect$$rtexit$$00000003  c_w.l(rtexit2.o)
    0x080000ac   0x080000ac   0x00000006   Code   RO          405    .ARM.Collect$$rtexit$$00000004  c_w.l(rtexit2.o)
    0x080000b2   0x080000b2   0x00000002   PAD
    0x080000b4   0x080000b4   0x00000000   Code   RO          367    .emb_text           c_w.l(maybetermalloc1.o)
    0x080000b4   0x080000b4   0x0000000c   Code   RO           33  * .text               start.o
    0x080000c0   0x080000c0   0x00000004   Code   RO          125    .text               c_w.l(getc.o)
    0x080000c4   0x080000c4   0x00000004   Code   RO          127    .text               c_w.l(putc.o)
    0x080000c8   0x080000c8   0x00000138   Code   RO          138    .text               c_w.l(initio.o)
    0x08000200   0x08000200   0x00000066   Code   RO          142    .text               c_w.l(sys_io.o)
    0x08000266   0x08000266   0x0000004e   Code   RO          166    .text               c_w.l(h1_free.o)
    0x080002b4   0x080002b4   0x00000046   Code   RO          220    .text               c_w.l(setvbuf.o)
    0x080002fa   0x080002fa   0x00000002   PAD
    0x080002fc   0x080002fc   0x000000ec   Code   RO          223    .text               c_w.l(fopen.o)
    0x080003e8   0x080003e8   0x0000004c   Code   RO          225    .text               c_w.l(fclose.o)
    0x08000434   0x08000434   0x0000000e   Code   RO          231    .text               c_w.l(defsig_rtred_outer.o)
    0x08000442   0x08000442   0x0000004e   Code   RO          235    .text               c_w.l(rt_memclr_w.o)
    0x08000490   0x08000490   0x00000002   Code   RO          300    .text               c_w.l(use_no_semi.o)
    0x08000492   0x08000492   0x00000000   Code   RO          302    .text               c_w.l(indicate_semi.o)
    0x08000492   0x08000492   0x0000004a   Code   RO          303    .text               c_w.l(sys_stackheap_outer.o)
    0x080004dc   0x080004dc   0x00000008   Code   RO          310    .text               c_w.l(rt_heap_descriptor_intlibspace.o)
    0x080004e4   0x080004e4   0x00000004   Code   RO          312    .text               c_w.l(hguard.o)
    0x080004e8   0x080004e8   0x0000008a   Code   RO          314    .text               c_w.l(init_alloc.o)
    0x08000572   0x08000572   0x0000005e   Code   RO          320    .text               c_w.l(h1_alloc.o)
    0x080005d0   0x080005d0   0x000000f8   Code   RO          334    .text               c_w.l(fseek.o)
    0x080006c8   0x080006c8   0x000000f0   Code   RO          336    .text               c_w.l(stdio.o)
    0x080007b8   0x080007b8   0x00000012   Code   RO          338    .text               c_w.l(exit.o)
    0x080007ca   0x080007ca   0x0000000a   Code   RO          340    .text               c_w.l(defsig_exit.o)
    0x080007d4   0x080007d4   0x00000034   Code   RO          342    .text               c_w.l(defsig_rtred_inner.o)
    0x08000808   0x08000808   0x0000003e   Code   RO          344    .text               c_w.l(strlen.o)
    0x08000846   0x08000846   0x00000002   PAD
    0x08000848   0x08000848   0x0000000c   Code   RO          358    .text               c_w.l(sys_exit.o)
    0x08000854   0x08000854   0x00000008   Code   RO          360    .text               c_w.l(libspace.o)
    0x0800085c   0x0800085c   0x00000030   Code   RO          363    .text               c_w.l(sys_stackheap.o)
    0x0800088c   0x0800088c   0x0000000e   Code   RO          369    .text               c_w.l(h1_init.o)
    0x0800089a   0x0800089a   0x00000034   Code   RO          371    .text               c_w.l(h1_extend.o)
    0x080008ce   0x080008ce   0x00000042   Code   RO          377    .text               c_w.l(ftell.o)
    0x08000910   0x08000910   0x00000032   Code   RO          381    .text               c_w.l(defsig_general.o)
    0x08000942   0x08000942   0x0000000e   Code   RO          383    .text               c_w.l(defsig_rtmem_outer.o)
    0x08000950   0x08000950   0x00000050   Code   RO          387    .text               c_w.l(heapauxa.o)
    0x080009a0   0x080009a0   0x0000000e   Code   RO          398    .text               c_w.l(sys_wrch.o)
    0x080009ae   0x080009ae   0x00000002   PAD
    0x080009b0   0x080009b0   0x00000008   Code   RO          412    .text               c_w.l(rt_errno_addr_intlibspace.o)
    0x080009b8   0x080009b8   0x00000050   Code   RO          418    .text               c_w.l(defsig_rtmem_inner.o)
    0x08000a08   0x08000a08   0x0000008a   Code   RO           39    i.GPIO_SET          sys.o
    0x08000a92   0x08000a92   0x00000002   PAD
    0x08000a94   0x08000a94   0x00000064   Code   RO           71    i.Inital_Uart1      uart.o
    0x08000af8   0x08000af8   0x00000038   Code   RO           72    i.Receive_Byte      uart.o
    0x08000b30   0x08000b30   0x00000030   Code   RO           73    i.Receive_Data      uart.o
    0x08000b60   0x08000b60   0x0000001c   Code   RO           74    i.Send_Byte         uart.o
    0x08000b7c   0x08000b7c   0x0000004c   Code   RO           75    i.Send_Data         uart.o
    0x08000bc8   0x08000bc8   0x00000048   Code   RO           40    i.System_Clock_Init  sys.o
    0x08000c10   0x08000c10   0x000000ac   Code   RO           41    i.System_Clock_Set  sys.o
    0x08000cbc   0x08000cbc   0x0000001a   Code   RO           76    i.fgetc             uart.o
    0x08000cd6   0x08000cd6   0x00000010   Code   RO           77    i.fputc             uart.o
    0x08000ce6   0x08000ce6   0x00000002   PAD
    0x08000ce8   0x08000ce8   0x00000058   Code   RO            1    i.main              main.o
    0x08000d40   0x08000d40   0x00000004   Data   RO          143    .constdata          c_w.l(sys_io.o)
    0x08000d44   0x08000d44   0x00000004   Data   RO          144    .constdata          c_w.l(sys_io.o)
    0x08000d48   0x08000d48   0x00000004   Data   RO          145    .constdata          c_w.l(sys_io.o)
    0x08000d4c   0x08000d4c   0x00000020   Data   RO          443    Region$$Table       anon$$obj.o


    Execution Region ER_RW (Exec base: 0x20000000, Load base: 0x08000d6c, Size: 0x0000001c, Max: 0xffffffff, ABSOLUTE)

    Exec Addr    Load Addr    Size         Type   Attr      Idx    E Section Name        Object

    0x20000000   0x08000d6c   0x0000000c   Data   RW            3    .data               main.o
    0x2000000c   0x08000d78   0x00000004   Data   RW          132    .data               c_w.l(stdio_streams.o)
    0x20000010   0x08000d7c   0x00000004   Data   RW          133    .data               c_w.l(stdio_streams.o)
    0x20000014   0x08000d80   0x00000004   Data   RW          134    .data               c_w.l(stdio_streams.o)
    0x20000018   0x08000d84   0x00000004   Data   RW          388    .data               c_w.l(heapauxa.o)


    Execution Region ER_ZI (Exec base: 0x2000001c, Load base: 0x08000d88, Size: 0x0000015c, Max: 0xffffffff, ABSOLUTE)

    Exec Addr    Load Addr    Size         Type   Attr      Idx    E Section Name        Object

    0x2000001c        -       0x00000054   Zero   RW          129    .bss                c_w.l(stdio_streams.o)
    0x20000070        -       0x00000054   Zero   RW          130    .bss                c_w.l(stdio_streams.o)
    0x200000c4        -       0x00000054   Zero   RW          131    .bss                c_w.l(stdio_streams.o)
    0x20000118        -       0x00000060   Zero   RW          361    .bss                c_w.l(libspace.o)


==============================================================================

Image component sizes


      Code (inc. data)   RO Data    RW Data    ZI Data      Debug   Object Name

        88         14          0         12          0       2844   main.o
        12          4          8          0          0        352   start.o
       382         18          0          0          0       2314   sys.o
       350         34          0          0          0       5873   uart.o

    ----------------------------------------------------------------------
       836         70         40         12          0      11383   Object Totals
         0          0         32          0          0          0   (incl. Generated)
         4          0          0          0          0          0   (incl. Padding)

    ----------------------------------------------------------------------

      Code (inc. data)   RO Data    RW Data    ZI Data      Debug   Library Member Name

         8          0          0          0          0         68   __main.o
         0          0          0          0          0          0   __rtentry.o
        12          0          0          0          0          0   __rtentry2.o
         6          0          0          0          0          0   __rtentry4.o
        52          8          0          0          0          0   __scatter.o
        26          0          0          0          0          0   __scatter_copy.o
        28          0          0          0          0          0   __scatter_zi.o
        10          0          0          0          0         68   defsig_exit.o
        50          0          0          0          0         88   defsig_general.o
        80         58          0          0          0         76   defsig_rtmem_inner.o
        14          0          0          0          0         80   defsig_rtmem_outer.o
        52         38          0          0          0         76   defsig_rtred_inner.o
        14          0          0          0          0         80   defsig_rtred_outer.o
        18          0          0          0          0         80   exit.o
        76          0          0          0          0         88   fclose.o
       236          4          0          0          0        128   fopen.o
       248          6          0          0          0         84   fseek.o
        66          0          0          0          0         76   ftell.o
         4          0          0          0          0         68   getc.o
        94          0          0          0          0         80   h1_alloc.o
        52          0          0          0          0         68   h1_extend.o
        78          0          0          0          0         80   h1_free.o
        14          0          0          0          0         84   h1_init.o
        80          6          0          4          0         96   heapauxa.o
         4          0          0          0          0        136   hguard.o
         0          0          0          0          0          0   indicate_semi.o
       138          0          0          0          0        168   init_alloc.o
       312         46          0          0          0        112   initio.o
         2          0          0          0          0          0   libinit.o
        14          0          0          0          0          0   libinit2.o
         2          0          0          0          0          0   libshutdown.o
         6          0          0          0          0          0   libshutdown2.o
         8          4          0          0         96         68   libspace.o
         0          0          0          0          0          0   maybetermalloc1.o
         4          0          0          0          0         68   putc.o
         8          4          0          0          0         68   rt_errno_addr_intlibspace.o
         8          4          0          0          0         68   rt_heap_descriptor_intlibspace.o
        78          0          0          0          0         80   rt_memclr_w.o
         2          0          0          0          0          0   rtexit.o
        10          0          0          0          0          0   rtexit2.o
        70          0          0          0          0         80   setvbuf.o
       240          6          0          0          0        156   stdio.o
         0          0          0         12        252          0   stdio_streams.o
        62          0          0          0          0         76   strlen.o
        12          4          0          0          0         68   sys_exit.o
       102          0         12          0          0        240   sys_io.o
        48          8          0          0          0         80   sys_stackheap.o
        74          0          0          0          0         80   sys_stackheap_outer.o
        14          0          0          0          0         76   sys_wrch.o
         2          0          0          0          0         68   use_no_semi.o

    ----------------------------------------------------------------------
      2548        196         12         16        348       3160   Library Totals
        10          0          0          0          0          0   (incl. Padding)

    ----------------------------------------------------------------------

      Code (inc. data)   RO Data    RW Data    ZI Data      Debug   Library Name

      2538        196         12         16        348       3160   c_w.l

    ----------------------------------------------------------------------
      2548        196         12         16        348       3160   Library Totals

    ----------------------------------------------------------------------

==============================================================================


      Code (inc. data)   RO Data    RW Data    ZI Data      Debug   

      3384        266         52         28        348      12511   Grand Totals
      3384        266         52         28        348      12511   ELF Image Totals
      3384        266         52         28          0          0   ROM Totals

==============================================================================

    Total RO  Size (Code + RO Data)                 3436 (   3.36kB)
    Total RW  Size (RW Data + ZI Data)               376 (   0.37kB)
    Total ROM Size (Code + RO Data + RW Data)       3464 (   3.38kB)

==============================================================================

